Component: ARM Compiler 5.05 update 1 (build 106) Tool: armlink [4d0efa]

==============================================================================

Section Cross References

    startup_stm32g474xx.o(STACK) refers (Special) to heapauxi.o(.text) for __use_two_region_memory
    startup_stm32g474xx.o(HEAP) refers (Special) to heapauxi.o(.text) for __use_two_region_memory
    startup_stm32g474xx.o(RESET) refers (Special) to heapauxi.o(.text) for __use_two_region_memory
    startup_stm32g474xx.o(RESET) refers to startup_stm32g474xx.o(STACK) for __initial_sp
    startup_stm32g474xx.o(RESET) refers to startup_stm32g474xx.o(.text) for Reset_Handler
    startup_stm32g474xx.o(RESET) refers to stm32g4xx_it.o(i.NMI_Handler) for NMI_Handler
    startup_stm32g474xx.o(RESET) refers to stm32g4xx_it.o(i.HardFault_Handler) for HardFault_Handler
    startup_stm32g474xx.o(RESET) refers to stm32g4xx_it.o(i.MemManage_Handler) for MemManage_Handler
    startup_stm32g474xx.o(RESET) refers to stm32g4xx_it.o(i.BusFault_Handler) for BusFault_Handler
    startup_stm32g474xx.o(RESET) refers to stm32g4xx_it.o(i.UsageFault_Handler) for UsageFault_Handler
    startup_stm32g474xx.o(RESET) refers to stm32g4xx_it.o(i.SVC_Handler) for SVC_Handler
    startup_stm32g474xx.o(RESET) refers to stm32g4xx_it.o(i.DebugMon_Handler) for DebugMon_Handler
    startup_stm32g474xx.o(RESET) refers to stm32g4xx_it.o(i.PendSV_Handler) for PendSV_Handler
    startup_stm32g474xx.o(RESET) refers to stm32g4xx_it.o(i.SysTick_Handler) for SysTick_Handler
    startup_stm32g474xx.o(RESET) refers to stm32g4xx_it.o(i.USART1_IRQHandler) for USART1_IRQHandler
    startup_stm32g474xx.o(RESET) refers to stm32g4xx_it.o(i.EXTI15_10_IRQHandler) for EXTI15_10_IRQHandler
    startup_stm32g474xx.o(.text) refers (Special) to heapauxi.o(.text) for __use_two_region_memory
    startup_stm32g474xx.o(.text) refers to system_stm32g4xx.o(i.SystemInit) for SystemInit
    startup_stm32g474xx.o(.text) refers to __main.o(!!!main) for __main
    startup_stm32g474xx.o(.text) refers to startup_stm32g474xx.o(HEAP) for Heap_Mem
    startup_stm32g474xx.o(.text) refers to startup_stm32g474xx.o(STACK) for Stack_Mem
    main.o(i.HAL_GPIO_EXTI_Callback) refers to ads1256.o(i.ADS1256_ISR) for ADS1256_ISR
    main.o(i.SystemClock_Config) refers to rt_memclr_w.o(.text) for __aeabi_memclr4
    main.o(i.SystemClock_Config) refers to stm32g4xx_hal_pwr_ex.o(i.HAL_PWREx_ControlVoltageScaling) for HAL_PWREx_ControlVoltageScaling
    main.o(i.SystemClock_Config) refers to stm32g4xx_hal_rcc.o(i.HAL_RCC_OscConfig) for HAL_RCC_OscConfig
    main.o(i.SystemClock_Config) refers to stm32g4xx_hal_rcc.o(i.HAL_RCC_ClockConfig) for HAL_RCC_ClockConfig
    main.o(i.main) refers to _printf_percent.o(.ARM.Collect$$_printf_percent$$00000000) for _printf_percent
    main.o(i.main) refers to _printf_x.o(.ARM.Collect$$_printf_percent$$0000000C) for _printf_x
    main.o(i.main) refers to _printf_hex_int.o(.text) for _printf_longlong_hex
    main.o(i.main) refers to _printf_d.o(.ARM.Collect$$_printf_percent$$00000009) for _printf_d
    main.o(i.main) refers to _printf_f.o(.ARM.Collect$$_printf_percent$$00000003) for _printf_f
    main.o(i.main) refers to _printf_dec.o(.text) for _printf_int_dec
    main.o(i.main) refers to printf1.o(x$fpl$printf1) for _printf_fp_dec
    main.o(i.main) refers to stm32g4xx_hal.o(i.HAL_Init) for HAL_Init
    main.o(i.main) refers to main.o(i.SystemClock_Config) for SystemClock_Config
    main.o(i.main) refers to gpio.o(i.MX_GPIO_Init) for MX_GPIO_Init
    main.o(i.main) refers to usart.o(i.MX_USART1_UART_Init) for MX_USART1_UART_Init
    main.o(i.main) refers to delay.o(i.delay_init) for delay_init
    main.o(i.main) refers to myusart1.o(i.MyUSART1_Init) for MyUSART1_Init
    main.o(i.main) refers to oled_i2c.o(i.OLED_Init) for OLED_Init
    main.o(i.main) refers to oled_i2c.o(i.OLED_CLS) for OLED_CLS
    main.o(i.main) refers to oled_i2c.o(i.OLED_ShowStr) for OLED_ShowStr
    main.o(i.main) refers to ads1256.o(i.ADS1256_Init) for ADS1256_Init
    main.o(i.main) refers to ads1256.o(i.ADS1256_ReadChipID) for ADS1256_ReadChipID
    main.o(i.main) refers to noretval__2printf.o(.text) for __2printf
    main.o(i.main) refers to ads1256.o(i.ADS1256_CfgADC) for ADS1256_CfgADC
    main.o(i.main) refers to ads1256.o(i.ADS1256_StartScan) for ADS1256_StartScan
    main.o(i.main) refers to ads1256.o(i.ADS1256_GetAdc) for ADS1256_GetAdc
    main.o(i.main) refers to llsdiv.o(.text) for __aeabi_ldivmod
    main.o(i.main) refers to f2d.o(x$fpl$f2d) for __aeabi_f2d
    main.o(i.main) refers to delay.o(i.delay_ms) for delay_ms
    main.o(i.main) refers to usart.o(.bss) for huart1
    gpio.o(i.MX_GPIO_Init) refers to rt_memclr_w.o(.text) for __aeabi_memclr4
    gpio.o(i.MX_GPIO_Init) refers to stm32g4xx_hal_gpio.o(i.HAL_GPIO_WritePin) for HAL_GPIO_WritePin
    gpio.o(i.MX_GPIO_Init) refers to stm32g4xx_hal_gpio.o(i.HAL_GPIO_Init) for HAL_GPIO_Init
[...]
    .ARM.Collect$$libinit$$00000025          0x080002b8   Section        0  libinit2.o(.ARM.Collect$$libinit$$00000025)
    .ARM.Collect$$libinit$$0000002C          0x080002b8   Section        0  libinit2.o(.ARM.Collect$$libinit$$0000002C)
    .ARM.Collect$$libinit$$0000002E          0x080002b8   Section        0  libinit2.o(.ARM.Collect$$libinit$$0000002E)
    .ARM.Collect$$libinit$$00000030          0x080002b8   Section        0  libinit2.o(.ARM.Collect$$libinit$$00000030)
    .ARM.Collect$$libinit$$00000032          0x080002b8   Section        0  libinit2.o(.ARM.Collect$$libinit$$00000032)
    .ARM.Collect$$libinit$$00000033          0x080002b8   Section        2  libinit2.o(.ARM.Collect$$libinit$$00000033)
    .ARM.Collect$$libshutdown$$00000000      0x080002ba   Section        2  libshutdown.o(.ARM.Collect$$libshutdown$$00000000)
    .ARM.Collect$$libshutdown$$00000003      0x080002bc   Section        0  libshutdown2.o(.ARM.Collect$$libshutdown$$00000003)
    .ARM.Collect$$libshutdown$$00000006      0x080002bc   Section        0  libshutdown2.o(.ARM.Collect$$libshutdown$$00000006)
    .ARM.Collect$$libshutdown$$00000009      0x080002bc   Section        0  libshutdown2.o(.ARM.Collect$$libshutdown$$00000009)
    .ARM.Collect$$libshutdown$$0000000B      0x080002bc   Section        0  libshutdown2.o(.ARM.Collect$$libshutdown$$0000000B)
    .ARM.Collect$$libshutdown$$0000000E      0x080002bc   Section        0  libshutdown2.o(.ARM.Collect$$libshutdown$$0000000E)
    .ARM.Collect$$libshutdown$$0000000F      0x080002bc   Section        2  libshutdown2.o(.ARM.Collect$$libshutdown$$0000000F)
    .ARM.Collect$$rtentry$$00000000          0x080002be   Section        0  __rtentry.o(.ARM.Collect$$rtentry$$00000000)
    .ARM.Collect$$rtentry$$00000002          0x080002be   Section        0  __rtentry2.o(.ARM.Collect$$rtentry$$00000002)
    .ARM.Collect$$rtentry$$00000004          0x080002be   Section        6  __rtentry4.o(.ARM.Collect$$rtentry$$00000004)
    .ARM.Collect$$rtentry$$00000009          0x080002c4   Section        0  __rtentry2.o(.ARM.Collect$$rtentry$$00000009)
    .ARM.Collect$$rtentry$$0000000A          0x080002c4   Section        4  __rtentry2.o(.ARM.Collect$$rtentry$$0000000A)
    .ARM.Collect$$rtentry$$0000000C          0x080002c8   Section        0  __rtentry2.o(.ARM.Collect$$rtentry$$0000000C)
    .ARM.Collect$$rtentry$$0000000D          0x080002c8   Section        8  __rtentry2.o(.ARM.Collect$$rtentry$$0000000D)
    .ARM.Collect$$rtexit$$00000000           0x080002d0   Section        2  rtexit.o(.ARM.Collect$$rtexit$$00000000)
    .ARM.Collect$$rtexit$$00000002           0x080002d2   Section        0  rtexit2.o(.ARM.Collect$$rtexit$$00000002)
    .ARM.Collect$$rtexit$$00000003           0x080002d2   Section        4  rtexit2.o(.ARM.Collect$$rtexit$$00000003)
    .ARM.Collect$$rtexit$$00000004           0x080002d6   Section        6  rtexit2.o(.ARM.Collect$$rtexit$$00000004)
    .text                                    0x080002dc   Section       64  startup_stm32g474xx.o(.text)
    $v0                                      0x080002dc   Number         0  startup_stm32g474xx.o(.text)
    .text                                    0x0800031c   Section      238  lludivv7m.o(.text)
    .text                                    0x0800040a   Section       72  llsdiv.o(.text)
    .text                                    0x08000454   Section        0  noretval__2printf.o(.text)
    .text                                    0x0800046c   Section        0  _printf_dec.o(.text)
    .text                                    0x080004e4   Section        0  _printf_hex_int.o(.text)
    .text                                    0x0800053c   Section        0  __printf_ss_wp.o(.text)
    .text                                    0x0800069c   Section       78  rt_memclr_w.o(.text)
    .text                                    0x080006ea   Section        0  heapauxi.o(.text)
    .text                                    0x080006f0   Section        0  _printf_intcommon.o(.text)
    .text                                    0x080007a2   Section        0  _printf_fp_dec.o(.text)
    _fp_digits                               0x080007a5   Thumb Code   428  _printf_fp_dec.o(.text)
    .text                                    0x08000bbc   Section        0  _printf_char_common.o(.text)
    _printf_input_char                       0x08000bbd   Thumb Code    10  _printf_char_common.o(.text)
    .text                                    0x08000bec   Section        0  _printf_char_file.o(.text)
    .text                                    0x08000c10   Section        8  rt_locale_intlibspace.o(.text)
    .text                                    0x08000c18   Section      138  lludiv10.o(.text)
    .text                                    0x08000ca4   Section        0  _printf_fp_infnan.o(.text)
    .text                                    0x08000d24   Section        0  bigflt0.o(.text)
    .text                                    0x08000e00   Section        0  ferror.o(.text)
    .text                                    0x08000e08   Section        8  libspace.o(.text)
    .text                                    0x08000e10   Section       74  sys_stackheap_outer.o(.text)
    .text                                    0x08000e5a   Section        0  exit.o(.text)
    .text                                    0x08000e68   Section      128  strcmpv7m.o(.text)
    .text                                    0x08000ee8   Section        0  sys_exit.o(.text)
    .text                                    0x08000ef4   Section        2  use_no_semi.o(.text)
    .text                                    0x08000ef6   Section        0  indicate_semi.o(.text)
    CL$$btod_d2e                             0x08000ef6   Section       62  btod.o(CL$$btod_d2e)
    CL$$btod_d2e_denorm_low                  0x08000f34   Section       70  btod.o(CL$$btod_d2e_denorm_low)
    CL$$btod_d2e_norm_op1                    0x08000f7a   Section       96  btod.o(CL$$btod_d2e_norm_op1)
    CL$$btod_div_common                      0x08000fda   Section      824  btod.o(CL$$btod_div_common)
    CL$$btod_e2e                             0x08001312   Section      198  btod.o(CL$$btod_e2e)
    CL$$btod_ediv                            0x080013d8   Section       40  btod.o(CL$$btod_ediv)
    CL$$btod_emul                            0x08001400   Section       40  btod.o(CL$$btod_emul)
    CL$$btod_mult_common                     0x08001428   Section      580  btod.o(CL$$btod_mult_common)
    i.ADS1256_CfgADC                         0x0800166c   Section        0  ads1256.o(i.ADS1256_CfgADC)
    i.ADS1256_DelayDATA                      0x080016dc   Section        0  ads1256.o(i.ADS1256_DelayDATA)
    ADS1256_DelayDATA                        0x080016dd   Thumb Code     6  ads1256.o(i.ADS1256_DelayDATA)
    i.ADS1256_DelaySCLK                      0x080016e2   Section        0  ads1256.o(i.ADS1256_DelaySCLK)
    ADS1256_DelaySCLK                        0x080016e3   Thumb Code    12  ads1256.o(i.ADS1256_DelaySCLK)
    i.ADS1256_GetAdc                         0x080016f0   Section        0  ads1256.o(i.ADS1256_GetAdc)
    i.ADS1256_ISR                            0x08001714   Section        0  ads1256.o(i.ADS1256_ISR)
    i.ADS1256_Init                           0x080017a0   Section        0  ads1256.o(i.ADS1256_Init)
    i.ADS1256_ReadChipID                     0x080018a8   Section        0  ads1256.o(i.ADS1256_ReadChipID)
    i.ADS1256_ReadData                       0x080018d8   Section        0  ads1256.o(i.ADS1256_ReadData)
    ADS1256_ReadData                         0x080018d9   Thumb Code    54  ads1256.o(i.ADS1256_ReadData)
    i.ADS1256_Recive8Bit                     0x08001914   Section        0  ads1256.o(i.ADS1256_Recive8Bit)
    ADS1256_Recive8Bit                       0x08001915   Thumb Code    70  ads1256.o(i.ADS1256_Recive8Bit)
    i.ADS1256_Send8Bit                       0x08001960   Section        0  ads1256.o(i.ADS1256_Send8Bit)
    ADS1256_Send8Bit                         0x08001961   Thumb Code    82  ads1256.o(i.ADS1256_Send8Bit)
    i.ADS1256_StartScan                      0x080019b8   Section        0  ads1256.o(i.ADS1256_StartScan)
    i.ADS1256_WaitDRDY                       0x08001a24   Section        0  ads1256.o(i.ADS1256_WaitDRDY)
    ADS1256_WaitDRDY                         0x08001a25   Thumb Code    32  ads1256.o(i.ADS1256_WaitDRDY)
    i.ADS1256_WriteCmd                       0x08001a6c   Section        0  ads1256.o(i.ADS1256_WriteCmd)
    ADS1256_WriteCmd                         0x08001a6d   Thumb Code    20  ads1256.o(i.ADS1256_WriteCmd)
    i.BusFault_Handler                       0x08001a84   Section        0  stm32g4xx_it.o(i.BusFault_Handler)
    i.DebugMon_Handler                       0x08001a86   Section        0  stm32g4xx_it.o(i.DebugMon_Handler)
    i.EXTI15_10_IRQHandler                   0x08001a88   Section        0  stm32g4xx_it.o(i.EXTI15_10_IRQHandler)
    i.Error_Handler                          0x08001a9e   Section        0  main.o(i.Error_Handler)
    i.HAL_DMA_Abort                          0x08001aa2   Section        0  stm32g4xx_hal_dma.o(i.HAL_DMA_Abort)
    i.HAL_DMA_Abort_IT                       0x08001b0c   Section        0  stm32g4xx_hal_dma.o(i.HAL_DMA_Abort_IT)
    i.HAL_GPIO_EXTI_Callback                 0x08001b84   Section        0  main.o(i.HAL_GPIO_EXTI_Callback)
    i.HAL_GPIO_EXTI_IRQHandler               0x08001b90   Section        0  stm32g4xx_hal_gpio.o(i.HAL_GPIO_EXTI_IRQHandler)
    i.HAL_GPIO_Init                          0x08001ba8   Section        0  stm32g4xx_hal_gpio.o(i.HAL_GPIO_Init)
    i.HAL_GPIO_ReadPin                       0x08001df0   Section        0  stm32g4xx_hal_gpio.o(i.HAL_GPIO_ReadPin)
    i.HAL_GPIO_WritePin                      0x08001dfa   Section        0  stm32g4xx_hal_gpio.o(i.HAL_GPIO_WritePin)
    i.HAL_GetTick                            0x08001e04   Section        0  stm32g4xx_hal.o(i.HAL_GetTick)
    i.HAL_IncTick                            0x08001e10   Section        0  stm32g4xx_hal.o(i.HAL_IncTick)
    i.HAL_Init                               0x08001e20   Section        0  stm32g4xx_hal.o(i.HAL_Init)
    i.HAL_InitTick                           0x08001e40   Section        0  stm32g4xx_hal.o(i.HAL_InitTick)
    i.HAL_MspInit                            0x08001e84   Section        0  stm32g4xx_hal_msp.o(i.HAL_MspInit)
    i.HAL_NVIC_DisableIRQ                    0x08001eb4   Section        0  stm32g4xx_hal_cortex.o(i.HAL_NVIC_DisableIRQ)
    i.HAL_NVIC_EnableIRQ                     0x08001ed6   Section        0  stm32g4xx_hal_cortex.o(i.HAL_NVIC_EnableIRQ)
    i.HAL_NVIC_SetPriority                   0x08001ef0   Section        0  stm32g4xx_hal_cortex.o(i.HAL_NVIC_SetPriority)
    i.HAL_NVIC_SetPriorityGrouping           0x08001f30   Section        0  stm32g4xx_hal_cortex.o(i.HAL_NVIC_SetPriorityGrouping)
    i.HAL_PWREx_ControlVoltageScaling        0x08001f54   Section        0  stm32g4xx_hal_pwr_ex.o(i.HAL_PWREx_ControlVoltageScaling)
    i.HAL_PWREx_DisableUCPDDeadBattery       0x08002010   Section        0  stm32g4xx_hal_pwr_ex.o(i.HAL_PWREx_DisableUCPDDeadBattery)
    i.HAL_RCCEx_PeriphCLKConfig              0x08002020   Section        0  stm32g4xx_hal_rcc_ex.o(i.HAL_RCCEx_PeriphCLKConfig)
    i.HAL_RCC_ClockConfig                    0x08002320   Section        0  stm32g4xx_hal_rcc.o(i.HAL_RCC_ClockConfig)
    i.HAL_RCC_GetPCLK1Freq                   0x080024fc   Section        0  stm32g4xx_hal_rcc.o(i.HAL_RCC_GetPCLK1Freq)
    i.HAL_RCC_GetPCLK2Freq                   0x08002520   Section        0  stm32g4xx_hal_rcc.o(i.HAL_RCC_GetPCLK2Freq)
    i.HAL_RCC_GetSysClockFreq                0x08002544   Section        0  stm32g4xx_hal_rcc.o(i.HAL_RCC_GetSysClockFreq)
    i.HAL_RCC_OscConfig                      0x080025b4   Section        0  stm32g4xx_hal_rcc.o(i.HAL_RCC_OscConfig)
    i.HAL_SYSTICK_CLKSourceConfig            0x080029c0   Section        0  stm32g4xx_hal_cortex.o(i.HAL_SYSTICK_CLKSourceConfig)
    i.HAL_SYSTICK_Config                     0x080029d8   Section        0  stm32g4xx_hal_cortex.o(i.HAL_SYSTICK_Config)
    i.HAL_UARTEx_DisableFifoMode             0x08002a00   Section        0  stm32g4xx_hal_uart_ex.o(i.HAL_UARTEx_DisableFifoMode)
    i.HAL_UARTEx_RxEventCallback             0x08002a3e   Section        0  stm32g4xx_hal_uart.o(i.HAL_UARTEx_RxEventCallback)
    i.HAL_UARTEx_RxFifoFullCallback          0x08002a40   Section        0  stm32g4xx_hal_uart_ex.o(i.HAL_UARTEx_RxFifoFullCallback)
    i.HAL_UARTEx_SetRxFifoThreshold          0x08002a42   Section        0  stm32g4xx_hal_uart_ex.o(i.HAL_UARTEx_SetRxFifoThreshold)
    i.HAL_UARTEx_SetTxFifoThreshold          0x08002a8e   Section        0  stm32g4xx_hal_uart_ex.o(i.HAL_UARTEx_SetTxFifoThreshold)
    i.HAL_UARTEx_TxFifoEmptyCallback         0x08002ada   Section        0  stm32g4xx_hal_uart_ex.o(i.HAL_UARTEx_TxFifoEmptyCallback)
    i.HAL_UARTEx_WakeupCallback              0x08002adc   Section        0  stm32g4xx_hal_uart_ex.o(i.HAL_UARTEx_WakeupCallback)
    i.HAL_UART_ErrorCallback                 0x08002ade   Section        0  stm32g4xx_hal_uart.o(i.HAL_UART_ErrorCallback)
    i.HAL_UART_IRQHandler                    0x08002ae0   Section        0  stm32g4xx_hal_uart.o(i.HAL_UART_IRQHandler)
    i.HAL_UART_Init                          0x08002dc0   Section        0  stm32g4xx_hal_uart.o(i.HAL_UART_Init)
    i.HAL_UART_MspInit                       0x08002e2c   Section        0  usart.o(i.HAL_UART_MspInit)
    i.HAL_UART_TxCpltCallback                0x08002eb8   Section        0  stm32g4xx_hal_uart.o(i.HAL_UART_TxCpltCallback)
    i.HardFault_Handler                      0x08002eba   Section        0  stm32g4xx_it.o(i.HardFault_Handler)
    i.I2C_WriteByte                          0x08002ebc   Section        0  oled_i2c.o(i.I2C_WriteByte)
    i.IIC_Init                               0x08002eec   Section        0  myiic.o(i.IIC_Init)
    i.IIC_Send_Byte                          0x08002f0c   Section        0  myiic.o(i.IIC_Send_Byte)
    i.IIC_Start                              0x08002f84   Section        0  myiic.o(i.IIC_Start)
    i.IIC_Stop                               0x08002fd8   Section        0  myiic.o(i.IIC_Stop)
    i.IIC_Wait_Ack                           0x08003030   Section        0  myiic.o(i.IIC_Wait_Ack)
    i.MX_GPIO_Init                           0x0800309c   Section        0  gpio.o(i.MX_GPIO_Init)
    i.MX_USART1_UART_Init                    0x080031a8   Section        0  usart.o(i.MX_USART1_UART_Init)
    i.MemManage_Handler                      0x08003210   Section        0  stm32g4xx_it.o(i.MemManage_Handler)
    i.MyUSART1_IRQHandler                    0x08003214   Section        0  myusart1.o(i.MyUSART1_IRQHandler)
    i.MyUSART1_Init                          0x08003248   Section        0  myusart1.o(i.MyUSART1_Init)
    i.NMI_Handler                            0x0800325c   Section        0  stm32g4xx_it.o(i.NMI_Handler)
    i.OLED_CLS                               0x0800325e   Section        0  oled_i2c.o(i.OLED_CLS)
    i.OLED_Fill                              0x08003264   Section        0  oled_i2c.o(i.OLED_Fill)
    i.OLED_Init                              0x0800329c   Section        0  oled_i2c.o(i.OLED_Init)
    i.OLED_SetPos                            0x08003364   Section        0  oled_i2c.o(i.OLED_SetPos)
    i.OLED_ShowStr                           0x0800338c   Section        0  oled_i2c.o(i.OLED_ShowStr)
    i.PendSV_Handler                         0x08003464   Section        0  stm32g4xx_it.o(i.PendSV_Handler)
    i.SVC_Handler                            0x08003466   Section        0  stm32g4xx_it.o(i.SVC_Handler)
    i.SysTick_Handler                        0x08003468   Section        0  stm32g4xx_it.o(i.SysTick_Handler)
    i.SystemClock_Config                     0x0800346c   Section        0  main.o(i.SystemClock_Config)
    i.SystemInit                             0x080034d4   Section        0  system_stm32g4xx.o(i.SystemInit)
    i.UARTEx_SetNbDataToProcess              0x080034e4   Section        0  stm32g4xx_hal_uart_ex.o(i.UARTEx_SetNbDataToProcess)
    UARTEx_SetNbDataToProcess                0x080034e5   Thumb Code    62  stm32g4xx_hal_uart_ex.o(i.UARTEx_SetNbDataToProcess)
    i.UART_AdvFeatureConfig                  0x08003528   Section        0  stm32g4xx_hal_uart.o(i.UART_AdvFeatureConfig)
    i.UART_CheckIdleState                    0x080035f0   Section        0  stm32g4xx_hal_uart.o(i.UART_CheckIdleState)
    i.UART_DMAAbortOnError                   0x08003650   Section        0  stm32g4xx_hal_uart.o(i.UART_DMAAbortOnError)
    UART_DMAAbortOnError                     0x08003651   Thumb Code    20  stm32g4xx_hal_uart.o(i.UART_DMAAbortOnError)
    i.UART_EndRxTransfer                     0x08003664   Section        0  stm32g4xx_hal_uart.o(i.UART_EndRxTransfer)
    UART_EndRxTransfer                       0x08003665   Thumb Code    78  stm32g4xx_hal_uart.o(i.UART_EndRxTransfer)
    i.UART_SetConfig                         0x080036b8   Section        0  stm32g4xx_hal_uart.o(i.UART_SetConfig)
    i.UART_WaitOnFlagUntilTimeout            0x08003950   Section        0  stm32g4xx_hal_uart.o(i.UART_WaitOnFlagUntilTimeout)
    i.USART1_IRQHandler                      0x08003a18   Section        0  stm32g4xx_it.o(i.USART1_IRQHandler)
    i.UsageFault_Handler                     0x08003a34   Section        0  stm32g4xx_it.o(i.UsageFault_Handler)
    i.WriteCmd                               0x08003a36   Section        0  oled_i2c.o(i.WriteCmd)
    i.WriteDat                               0x08003a3e   Section        0  oled_i2c.o(i.WriteDat)
    i.__ARM_fpclassify                       0x08003a46   Section        0  fpclassify.o(i.__ARM_fpclassify)
    i.__NVIC_SetPriority                     0x08003a76   Section        0  stm32g4xx_hal_cortex.o(i.__NVIC_SetPriority)
    __NVIC_SetPriority                       0x08003a77   Thumb Code    32  stm32g4xx_hal_cortex.o(i.__NVIC_SetPriority)
    i._is_digit                              0x08003a96   Section        0  __printf_wp.o(i._is_digit)
    i.delay_init                             0x08003aa4   Section        0  delay.o(i.delay_init)
    i.delay_ms                               0x08003ab8   Section        0  delay.o(i.delay_ms)
    i.delay_us                               0x08003ac4   Section        0  delay.o(i.delay_us)
    i.fputc                                  0x08003af8   Section        0  myusart1.o(i.fputc)
    i.main                                   0x08003b14   Section        0  main.o(i.main)
    locale$$code                             0x08003ca0   Section       44  lc_numeric_c.o(locale$$code)
    x$fpl$dretinf                            0x08003ccc   Section       12  dretinf.o(x$fpl$dretinf)
    $v0                                      0x08003ccc   Number         0  dretinf.o(x$fpl$dretinf)
    x$fpl$f2d                                0x08003cd8   Section       86  f2d.o(x$fpl$f2d)
    $v0                                      0x08003cd8   Number         0  f2d.o(x$fpl$f2d)
    x$fpl$fnaninf                            0x08003d2e   Section      140  fnaninf.o(x$fpl$fnaninf)
    $v0                                      0x08003d2e   Number         0  fnaninf.o(x$fpl$fnaninf)
    x$fpl$fpinit                             0x08003dba   Section       10  fpinit.o(x$fpl$fpinit)
    $v0                                      0x08003dba   Number         0  fpinit.o(x$fpl$fpinit)
    x$fpl$printf1                            0x08003dc4   Section        4  printf1.o(x$fpl$printf1)
    $v0                                      0x08003dc4   Number         0  printf1.o(x$fpl$printf1)
    .constdata                               0x08003dc8   Section       24  stm32g4xx_hal_uart.o(.constdata)
    x$fpl$usenofp                            0x08003dc8   Section        0  usenofp.o(x$fpl$usenofp)
    .constdata                               0x08003de0   Section       16  stm32g4xx_hal_uart_ex.o(.constdata)
    numerator                                0x08003de0   Data           8  stm32g4xx_hal_uart_ex.o(.constdata)
    denominator                              0x08003de8   Data           8  stm32g4xx_hal_uart_ex.o(.constdata)
    .constdata                               0x08003df0   Section       16  system_stm32g4xx.o(.constdata)
    .constdata                               0x08003e00   Section        8  system_stm32g4xx.o(.constdata)
    .constdata                               0x08003e08   Section     2086  oled_i2c.o(.constdata)
    hSpeedReg                                0x08003e08   Data           8  oled_i2c.o(.constdata)
    .constdata                               0x0800462e   Section       16  ads1256.o(.constdata)
    s_tabDataRate                            0x0800462e   Data          16  ads1256.o(.constdata)
    .constdata                               0x0800463e   Section       40  _printf_hex_int.o(.constdata)
    uc_hextab                                0x0800463e   Data          20  _printf_hex_int.o(.constdata)
    lc_hextab                                0x08004652   Data          20  _printf_hex_int.o(.constdata)
    .constdata                               0x08004668   Section      148  bigflt0.o(.constdata)
    tenpwrs_x                                0x08004668   Data          60  bigflt0.o(.constdata)
    tenpwrs_i                                0x080046a4   Data          64  bigflt0.o(.constdata)
    locale$$data                             0x0800471c   Section       28  lc_numeric_c.o(locale$$data)
    __lcnum_c_name                           0x08004720   Data           2  lc_numeric_c.o(locale$$data)
    __lcnum_c_start                          0x08004728   Data           0  lc_numeric_c.o(locale$$data)
    __lcnum_c_point                          0x08004734   Data           0  lc_numeric_c.o(locale$$data)
    __lcnum_c_thousands                      0x08004736   Data           0  lc_numeric_c.o(locale$$data)
    __lcnum_c_grouping                       0x08004737   Data           0  lc_numeric_c.o(locale$$data)
    __lcnum_c_end                            0x08004738   Data           0  lc_numeric_c.o(locale$$data)
    .data                                    0x20000000   Section       12  stm32g4xx_hal.o(.data)
    .data                                    0x2000000c   Section        4  system_stm32g4xx.o(.data)
    .data                                    0x20000010   Section        2  delay.o(.data)
    sysClkFreq                               0x20000010   Data           2  delay.o(.data)
    .data                                    0x20000012   Section      547  oled_i2c.o(.data)
    .data                                    0x20000238   Section       12  myusart1.o(.data)
    .data                                    0x20000244   Section        4  myusart1.o(.data)
    .bss                                     0x20000248   Section      144  usart.o(.bss)
    .bss                                     0x200002d8   Section      100  myusart1.o(.bss)
    .bss                                     0x2000033c   Section       40  ads1256.o(.bss)
    .bss                                     0x20000364   Section       96  libspace.o(.bss)
    HEAP                                     0x200003c8   Section      512  startup_stm32g474xx.o(HEAP)
    Heap_Mem                                 0x200003c8   Data         512  startup_stm32g474xx.o(HEAP)
    STACK                                    0x200005c8   Section     1024  startup_stm32g474xx.o(STACK)
    Stack_Mem                                0x200005c8   Data        1024  startup_stm32g474xx.o(STACK)
    __initial_sp                             0x200009c8   Data           0  startup_stm32g474xx.o(STACK)

    Global Symbols

    Symbol Name                              Value     Ov Type        Size  Object(Section)

    BuildAttributes$$THM_ISAv4$E$P$D$K$B$S$7EM$VFPi3$EXTD16$VFPS$VFMA$PE$A:L22UL41UL21$X:L11$S22US41US21$IEEE1$IW$USESV6$~STKCKD$USESV7$~SHL$OTIME$ROPI$IEEEJ$EBA8$UX$STANDARDLIB$REQ8$PRES8$EABIv2 0x00000000   Number         0  anon$$obj.o ABSOLUTE
    __ARM_use_no_argv                        0x00000000   Number         0  main.o ABSOLUTE
    _printf_flags                            0x00000000   Number         0  printf_stubs.o ABSOLUTE
    _printf_return_value                     0x00000000   Number         0  printf_stubs.o ABSOLUTE
    _printf_sizespec                         0x00000000   Number         0  printf_stubs.o ABSOLUTE
    _printf_widthprec                        0x00000000   Number         0  printf_stubs.o ABSOLUTE
    __ARM_exceptions_init                     - Undefined Weak Reference
    __alloca_initialize                       - Undefined Weak Reference
    __arm_preinit_                            - Undefined Weak Reference
    __cpp_initialize__aeabi_                  - Undefined Weak Reference
    __cxa_finalize                            - Undefined Weak Reference
    __sigvec_lookup                           - Undefined Weak Reference
    _atexit_init                              - Undefined Weak Reference
    _call_atexit_fns                          - Undefined Weak Reference
    _clock_init                               - Undefined Weak Reference
    _fp_trap_init                             - Undefined Weak Reference
    _fp_trap_shutdown                         - Undefined Weak Reference
    _get_lc_collate                           - Undefined Weak Reference
    _get_lc_ctype                             - Undefined Weak Reference
    _get_lc_monetary                          - Undefined Weak Reference
    _get_lc_time                              - Undefined Weak Reference
    _getenv_init                              - Undefined Weak Reference
    _handle_redirection                       - Undefined Weak Reference
    _init_alloc                               - Undefined Weak Reference
    _init_user_alloc                          - Undefined Weak Reference
    _initio                                   - Undefined Weak Reference
    _mutex_acquire                            - Undefined Weak Reference
    _mutex_release                            - Undefined Weak Reference
    _printf_post_padding                      - Undefined Weak Reference
    _printf_pre_padding                       - Undefined Weak Reference
    _printf_truncate_signed                   - Undefined Weak Reference
    _printf_truncate_unsigned                 - Undefined Weak Reference
    _rand_init                                - Undefined Weak Reference
    _signal_finish                            - Undefined Weak Reference
    _signal_init                              - Undefined Weak Reference
    _terminate_alloc                          - Undefined Weak Reference
    _terminate_user_alloc                     - Undefined Weak Reference
    _terminateio                              - Undefined Weak Reference
    __Vectors_Size                           0x000001d8   Number         0  startup_stm32g474xx.o ABSOLUTE
    __Vectors                                0x08000000   Data           4  startup_stm32g474xx.o(RESET)
    __Vectors_End                            0x080001d8   Data           0  startup_stm32g474xx.o(RESET)
    __main                                   0x080001d9   Thumb Code     8  __main.o(!!!main)
    __scatterload                            0x080001e1   Thumb Code     0  __scatter.o(!!!scatter)
    __scatterload_rt2                        0x080001e1   Thumb Code    44  __scatter.o(!!!scatter)
    __scatterload_rt2_thumb_only             0x080001e1   Thumb Code     0  __scatter.o(!!!scatter)
    __scatterload_null                       0x080001ef   Thumb Code     0  __scatter.o(!!!scatter)
    __decompress                             0x08000215   Thumb Code    90  __dczerorl2.o(!!dczerorl2)
    __decompress1                            0x08000215   Thumb Code     0  __dczerorl2.o(!!dczerorl2)
    __scatterload_zeroinit                   0x08000271   Thumb Code    28  __scatter_zi.o(!!handler_zi)
    _printf_f                                0x0800028d   Thumb Code     0  _printf_f.o(.ARM.Collect$$_printf_percent$$00000003)
    _printf_percent                          0x0800028d   Thumb Code     0  _printf_percent.o(.ARM.Collect$$_printf_percent$$00000000)
    _printf_d                                0x08000293   Thumb Code     0  _printf_d.o(.ARM.Collect$$_printf_percent$$00000009)
    _printf_x                                0x08000299   Thumb Code     0  _printf_x.o(.ARM.Collect$$_printf_percent$$0000000C)
    _printf_percent_end                      0x0800029f   Thumb Code     0  _printf_percent_end.o(.ARM.Collect$$_printf_percent$$00000017)
    __rt_lib_init                            0x080002a3   Thumb Code     0  libinit.o(.ARM.Collect$$libinit$$00000000)
    __rt_lib_init_fp_1                       0x080002a5   Thumb Code     0  libinit2.o(.ARM.Collect$$libinit$$00000001)
    __rt_lib_init_heap_1                     0x080002a9   Thumb Code     0  libinit2.o(.ARM.Collect$$libinit$$0000000A)
    __rt_lib_init_lc_common                  0x080002a9   Thumb Code     0  libinit2.o(.ARM.Collect$$libinit$$0000000F)
    __rt_lib_init_preinit_1                  0x080002a9   Thumb Code     0  libinit2.o(.ARM.Collect$$libinit$$00000004)
    __rt_lib_init_rand_1                     0x080002a9   Thumb Code     0  libinit2.o(.ARM.Collect$$libinit$$0000000E)
    __rt_lib_init_user_alloc_1               0x080002a9   Thumb Code     0  libinit2.o(.ARM.Collect$$libinit$$0000000C)
    __rt_lib_init_lc_collate_1               0x080002af   Thumb Code     0  libinit2.o(.ARM.Collect$$libinit$$00000011)
    __rt_lib_init_lc_ctype_1                 0x080002af   Thumb Code     0  libinit2.o(.ARM.Collect$$libinit$$00000013)
    __rt_lib_init_lc_monetary_1              0x080002af   Thumb Code     0  libinit2.o(.ARM.Collect$$libinit$$00000015)
    __rt_lib_init_lc_numeric_2               0x080002af   Thumb Code     0  libinit2.o(.ARM.Collect$$libinit$$00000016)
    __rt_lib_init_alloca_1                   0x080002b9   Thumb Code     0  libinit2.o(.ARM.Collect$$libinit$$0000002E)
    __rt_lib_init_argv_1                     0x080002b9   Thumb Code     0  libinit2.o(.ARM.Collect$$libinit$$0000002C)
    __rt_lib_init_atexit_1                   0x080002b9   Thumb Code     0  libinit2.o(.ARM.Collect$$libinit$$0000001B)
    __rt_lib_init_clock_1                    0x080002b9   Thumb Code     0  libinit2.o(.ARM.Collect$$libinit$$00000021)
    __rt_lib_init_cpp_1                      0x080002b9   Thumb Code     0  libinit2.o(.ARM.Collect$$libinit$$00000032)
    __rt_lib_init_exceptions_1               0x080002b9   Thumb Code     0  libinit2.o(.ARM.Collect$$libinit$$00000030)
    __rt_lib_init_fp_trap_1                  0x080002b9   Thumb Code     0  libinit2.o(.ARM.Collect$$libinit$$0000001F)
    __rt_lib_init_getenv_1                   0x080002b9   Thumb Code     0  libinit2.o(.ARM.Collect$$libinit$$00000023)
    __rt_lib_init_lc_numeric_1               0x080002b9   Thumb Code     0  libinit2.o(.ARM.Collect$$libinit$$00000017)
    __rt_lib_init_lc_time_1                  0x080002b9   Thumb Code     0  libinit2.o(.ARM.Collect$$libinit$$00000019)
    __rt_lib_init_return                     0x080002b9   Thumb Code     0  libinit2.o(.ARM.Collect$$libinit$$00000033)
    __rt_lib_init_signal_1                   0x080002b9   Thumb Code     0  libinit2.o(.ARM.Collect$$libinit$$0000001D)
    __rt_lib_init_stdio_1                    0x080002b9   Thumb Code     0  libinit2.o(.ARM.Collect$$libinit$$00000025)
    __rt_lib_shutdown                        0x080002bb   Thumb Code     0  libshutdown.o(.ARM.Collect$$libshutdown$$00000000)
    __rt_lib_shutdown_fp_trap_1              0x080002bd   Thumb Code     0  libshutdown2.o(.ARM.Collect$$libshutdown$$00000006)
    __rt_lib_shutdown_heap_1                 0x080002bd   Thumb Code     0  libshutdown2.o(.ARM.Collect$$libshutdown$$0000000E)
    __rt_lib_shutdown_return                 0x080002bd   Thumb Code     0  libshutdown2.o(.ARM.Collect$$libshutdown$$0000000F)
    __rt_lib_shutdown_signal_1               0x080002bd   Thumb Code     0  libshutdown2.o(.ARM.Collect$$libshutdown$$00000009)
    __rt_lib_shutdown_stdio_1                0x080002bd   Thumb Code     0  libshutdown2.o(.ARM.Collect$$libshutdown$$00000003)
    __rt_lib_shutdown_user_alloc_1           0x080002bd   Thumb Code     0  libshutdown2.o(.ARM.Collect$$libshutdown$$0000000B)
    __rt_entry                               0x080002bf   Thumb Code     0  __rtentry.o(.ARM.Collect$$rtentry$$00000000)
    __rt_entry_presh_1                       0x080002bf   Thumb Code     0  __rtentry2.o(.ARM.Collect$$rtentry$$00000002)
    __rt_entry_sh                            0x080002bf   Thumb Code     0  __rtentry4.o(.ARM.Collect$$rtentry$$00000004)
    __rt_entry_li                            0x080002c5   Thumb Code     0  __rtentry2.o(.ARM.Collect$$rtentry$$0000000A)
    __rt_entry_postsh_1                      0x080002c5   Thumb Code     0  __rtentry2.o(.ARM.Collect$$rtentry$$00000009)
    __rt_entry_main                          0x080002c9   Thumb Code     0  __rtentry2.o(.ARM.Collect$$rtentry$$0000000D)
    __rt_entry_postli_1                      0x080002c9   Thumb Code     0  __rtentry2.o(.ARM.Collect$$rtentry$$0000000C)
    __rt_exit                                0x080002d1   Thumb Code     0  rtexit.o(.ARM.Collect$$rtexit$$00000000)
    __rt_exit_ls                             0x080002d3   Thumb Code     0  rtexit2.o(.ARM.Collect$$rtexit$$00000003)
    __rt_exit_prels_1                        0x080002d3   Thumb Code     0  rtexit2.o(.ARM.Collect$$rtexit$$00000002)
    __rt_exit_exit                           0x080002d7   Thumb Code     0  rtexit2.o(.ARM.Collect$$rtexit$$00000004)
    Reset_Handler                            0x080002dd   Thumb Code     8  startup_stm32g474xx.o(.text)
    ADC1_2_IRQHandler                        0x080002f7   Thumb Code     0  startup_stm32g474xx.o(.text)
    ADC3_IRQHandler                          0x080002f7   Thumb Code     0  startup_stm32g474xx.o(.text)
    ADC4_IRQHandler                          0x080002f7   Thumb Code     0  startup_stm32g474xx.o(.text)
    ADC5_IRQHandler                          0x080002f7   Thumb Code     0  startup_stm32g474xx.o(.text)
    COMP1_2_3_IRQHandler                     0x080002f7   Thumb Code     0  startup_stm32g474xx.o(.text)
    COMP4_5_6_IRQHandler                     0x080002f7   Thumb Code     0  startup_stm32g474xx.o(.text)
    COMP7_IRQHandler                         0x080002f7   Thumb Code     0  startup_stm32g474xx.o(.text)
    CORDIC_IRQHandler                        0x080002f7   Thumb Code     0  startup_stm32g474xx.o(.text)
    CRS_IRQHandler                           0x080002f7   Thumb Code     0  startup_stm32g474xx.o(.text)
    DMA1_Channel1_IRQHandler                 0x080002f7   Thumb Code     0  startup_stm32g474xx.o(.text)
    DMA1_Channel2_IRQHandler                 0x080002f7   Thumb Code     0  startup_stm32g474xx.o(.text)
    DMA1_Channel3_IRQHandler                 0x080002f7   Thumb Code     0  startup_stm32g474xx.o(.text)
    DMA1_Channel4_IRQHandler                 0x080002f7   Thumb Code     0  startup_stm32g474xx.o(.text)
    DMA1_Channel5_IRQHandler                 0x080002f7   Thumb Code     0  startup_stm32g474xx.o(.text)
    DMA1_Channel6_IRQHandler                 0x080002f7   Thumb Code     0  startup_stm32g474xx.o(.text)
    DMA1_Channel7_IRQHandler                 0x080002f7   Thumb Code     0  startup_stm32g474xx.o(.text)
    DMA1_Channel8_IRQHandler                 0x080002f7   Thumb Code     0  startup_stm32g474xx.o(.text)
    DMA2_Channel1_IRQHandler                 0x080002f7   Thumb Code     0  startup_stm32g474xx.o(.text)
    DMA2_Channel2_IRQHandler                 0x080002f7   Thumb Code     0  startup_stm32g474xx.o(.text)
    DMA2_Channel3_IRQHandler                 0x080002f7   Thumb Code     0  startup_stm32g474xx.o(.text)
    DMA2_Channel4_IRQHandler                 0x080002f7   Thumb Code     0  startup_stm32g474xx.o(.text)
    DMA2_Channel5_IRQHandler                 0x080002f7   Thumb Code     0  startup_stm32g474xx.o(.text)
    DMA2_Channel6_IRQHandler                 0x080002f7   Thumb Code     0  startup_stm32g474xx.o(.text)
    DMA2_Channel7_IRQHandler                 0x080002f7   Thumb Code     0  startup_stm32g474xx.o(.text)
    DMA2_Channel8_IRQHandler                 0x080002f7   Thumb Code     0  startup_stm32g474xx.o(.text)
    DMAMUX_OVR_IRQHandler                    0x080002f7   Thumb Code     0  startup_stm32g474xx.o(.text)
    EXTI0_IRQHandler                         0x080002f7   Thumb Code     0  startup_stm32g474xx.o(.text)
    EXTI1_IRQHandler                         0x080002f7   Thumb Code     0  startup_stm32g474xx.o(.text)
    EXTI2_IRQHandler                         0x080002f7   Thumb Code     0  startup_stm32g474xx.o(.text)
    EXTI3_IRQHandler                         0x080002f7   Thumb Code     0  startup_stm32g474xx.o(.text)
    EXTI4_IRQHandler                         0x080002f7   Thumb Code     0  startup_stm32g474xx.o(.text)
    EXTI9_5_IRQHandler                       0x080002f7   Thumb Code     0  startup_stm32g474xx.o(.text)
    FDCAN1_IT0_IRQHandler                    0x080002f7   Thumb Code     0  startup_stm32g474xx.o(.text)
    FDCAN1_IT1_IRQHandler                    0x080002f7   Thumb Code     0  startup_stm32g474xx.o(.text)
    FDCAN2_IT0_IRQHandler                    0x080002f7   Thumb Code     0  startup_stm32g474xx.o(.text)
    FDCAN2_IT1_IRQHandler                    0x080002f7   Thumb Code     0  startup_stm32g474xx.o(.text)
    FDCAN3_IT0_IRQHandler                    0x080002f7   Thumb Code     0  startup_stm32g474xx.o(.text)
    FDCAN3_IT1_IRQHandler                    0x080002f7   Thumb Code     0  startup_stm32g474xx.o(.text)
    FLASH_IRQHandler                         0x080002f7   Thumb Code     0  startup_stm32g474xx.o(.text)
    FMAC_IRQHandler                          0x080002f7   Thumb Code     0  startup_stm32g474xx.o(.text)
    FMC_IRQHandler                           0x080002f7   Thumb Code     0  startup_stm32g474xx.o(.text)
    FPU_IRQHandler                           0x080002f7   Thumb Code     0  startup_stm32g474xx.o(.text)
    HRTIM1_FLT_IRQHandler                    0x080002f7   Thumb Code     0  startup_stm32g474xx.o(.text)
    HRTIM1_Master_IRQHandler                 0x080002f7   Thumb Code     0  startup_stm32g474xx.o(.text)
    HRTIM1_TIMA_IRQHandler                   0x080002f7   Thumb Code     0  startup_stm32g474xx.o(.text)
    HRTIM1_TIMB_IRQHandler                   0x080002f7   Thumb Code     0  startup_stm32g474xx.o(.text)
    HRTIM1_TIMC_IRQHandler                   0x080002f7   Thumb Code     0  startup_stm32g474xx.o(.text)
    HRTIM1_TIMD_IRQHandler                   0x080002f7   Thumb Code     0  startup_stm32g474xx.o(.text)
    HRTIM1_TIME_IRQHandler                   0x080002f7   Thumb Code     0  startup_stm32g474xx.o(.text)
    HRTIM1_TIMF_IRQHandler                   0x080002f7   Thumb Code     0  startup_stm32g474xx.o(.text)
    I2C1_ER_IRQHandler                       0x080002f7   Thumb Code     0  startup_stm32g474xx.o(.text)
    I2C1_EV_IRQHandler                       0x080002f7   Thumb Code     0  startup_stm32g474xx.o(.text)
    I2C2_ER_IRQHandler                       0x080002f7   Thumb Code     0  startup_stm32g474xx.o(.text)
    I2C2_EV_IRQHandler                       0x080002f7   Thumb Code     0  startup_stm32g474xx.o(.text)
    I2C3_ER_IRQHandler                       0x080002f7   Thumb Code     0  startup_stm32g474xx.o(.text)
    I2C3_EV_IRQHandler                       0x080002f7   Thumb Code     0  startup_stm32g474xx.o(.text)
    I2C4_ER_IRQHandler                       0x080002f7   Thumb Code     0  startup_stm32g474xx.o(.text)
    I2C4_EV_IRQHandler                       0x080002f7   Thumb Code     0  startup_stm32g474xx.o(.text)
    LPTIM1_IRQHandler                        0x080002f7   Thumb Code     0  startup_stm32g474xx.o(.text)
    LPUART1_IRQHandler                       0x080002f7   Thumb Code     0  startup_stm32g474xx.o(.text)
    PVD_PVM_IRQHandler                       0x080002f7   Thumb Code     0  startup_stm32g474xx.o(.text)
    QUADSPI_IRQHandler                       0x080002f7   Thumb Code     0  startup_stm32g474xx.o(.text)
    RCC_IRQHandler                           0x080002f7   Thumb Code     0  startup_stm32g474xx.o(.text)
    RNG_IRQHandler                           0x080002f7   Thumb Code     0  startup_stm32g474xx.o(.text)
    RTC_Alarm_IRQHandler                     0x080002f7   Thumb Code     0  startup_stm32g474xx.o(.text)
    RTC_TAMP_LSECSS_IRQHandler               0x080002f7   Thumb Code     0  startup_stm32g474xx.o(.text)
    RTC_WKUP_IRQHandler                      0x080002f7   Thumb Code     0  startup_stm32g474xx.o(.text)
    SAI1_IRQHandler                          0x080002f7   Thumb Code     0  startup_stm32g474xx.o(.text)
    SPI1_IRQHandler                          0x080002f7   Thumb Code     0  startup_stm32g474xx.o(.text)
    SPI2_IRQHandler                          0x080002f7   Thumb Code     0  startup_stm32g474xx.o(.text)
    SPI3_IRQHandler                          0x080002f7   Thumb Code     0  startup_stm32g474xx.o(.text)
    SPI4_IRQHandler                          0x080002f7   Thumb Code     0  startup_stm32g474xx.o(.text)
    TIM1_BRK_TIM15_IRQHandler                0x080002f7   Thumb Code     0  startup_stm32g474xx.o(.text)
    TIM1_CC_IRQHandler                       0x080002f7   Thumb Code     0  startup_stm32g474xx.o(.text)
    TIM1_TRG_COM_TIM17_IRQHandler            0x080002f7   Thumb Code     0  startup_stm32g474xx.o(.text)
    TIM1_UP_TIM16_IRQHandler                 0x080002f7   Thumb Code     0  startup_stm32g474xx.o(.text)
    TIM20_BRK_IRQHandler                     0x080002f7   Thumb Code     0  startup_stm32g474xx.o(.text)
    TIM20_CC_IRQHandler                      0x080002f7   Thumb Code     0  startup_stm32g474xx.o(.text)
    TIM20_TRG_COM_IRQHandler                 0x080002f7   Thumb Code     0  startup_stm32g474xx.o(.text)
    TIM20_UP_IRQHandler                      0x080002f7   Thumb Code     0  startup_stm32g474xx.o(.text)
    TIM2_IRQHandler                          0x080002f7   Thumb Code     0  startup_stm32g474xx.o(.text)
    TIM3_IRQHandler                          0x080002f7   Thumb Code     0  startup_stm32g474xx.o(.text)
    TIM4_IRQHandler                          0x080002f7   Thumb Code     0  startup_stm32g474xx.o(.text)
    TIM5_IRQHandler                          0x080002f7   Thumb Code     0  startup_stm32g474xx.o(.text)
    TIM6_DAC_IRQHandler                      0x080002f7   Thumb Code     0  startup_stm32g474xx.o(.text)
    TIM7_DAC_IRQHandler                      0x080002f7   Thumb Code     0  startup_stm32g474xx.o(.text)
    TIM8_BRK_IRQHandler                      0x080002f7   Thumb Code     0  startup_stm32g474xx.o(.text)
    TIM8_CC_IRQHandler                       0x080002f7   Thumb Code     0  startup_stm32g474xx.o(.text)
    TIM8_TRG_COM_IRQHandler                  0x080002f7   Thumb Code     0  startup_stm32g474xx.o(.text)
    TIM8_UP_IRQHandler                       0x080002f7   Thumb Code     0  startup_stm32g474xx.o(.text)
    UART4_IRQHandler                         0x080002f7   Thumb Code     0  startup_stm32g474xx.o(.text)
    UART5_IRQHandler                         0x080002f7   Thumb Code     0  startup_stm32g474xx.o(.text)
    UCPD1_IRQHandler                         0x080002f7   Thumb Code     0  startup_stm32g474xx.o(.text)
    USART2_IRQHandler                        0x080002f7   Thumb Code     0  startup_stm32g474xx.o(.text)
    USART3_IRQHandler                        0x080002f7   Thumb Code     0  startup_stm32g474xx.o(.text)
    USBWakeUp_IRQHandler                     0x080002f7   Thumb Code     0  startup_stm32g474xx.o(.text)
    USB_HP_IRQHandler                        0x080002f7   Thumb Code     0  startup_stm32g474xx.o(.text)
    USB_LP_IRQHandler                        0x080002f7   Thumb Code     0  startup_stm32g474xx.o(.text)
    WWDG_IRQHandler                          0x080002f7   Thumb Code     0  startup_stm32g474xx.o(.text)
    __user_initial_stackheap                 0x080002f9   Thumb Code     0  startup_stm32g474xx.o(.text)
    __aeabi_uldivmod                         0x0800031d   Thumb Code     0  lludivv7m.o(.text)
    _ll_udiv                                 0x0800031d   Thumb Code   238  lludivv7m.o(.text)
    __aeabi_ldivmod                          0x0800040b   Thumb Code     0  llsdiv.o(.text)
    _ll_sdiv                                 0x0800040b   Thumb Code    72  llsdiv.o(.text)
    __2printf                                0x08000455   Thumb Code    20  noretval__2printf.o(.text)
    _printf_int_dec                          0x0800046d   Thumb Code   104  _printf_dec.o(.text)
    _printf_int_hex                          0x080004e5   Thumb Code    84  _printf_hex_int.o(.text)
    _printf_longlong_hex                     0x080004e5   Thumb Code     0  _printf_hex_int.o(.text)
    __printf                                 0x0800053d   Thumb Code   352  __printf_ss_wp.o(.text)
    __aeabi_memclr4                          0x0800069d   Thumb Code     0  rt_memclr_w.o(.text)
    __aeabi_memclr8                          0x0800069d   Thumb Code     0  rt_memclr_w.o(.text)
    __rt_memclr_w                            0x0800069d   Thumb Code    78  rt_memclr_w.o(.text)
    _memset_w                                0x080006a1   Thumb Code     0  rt_memclr_w.o(.text)
    __use_two_region_memory                  0x080006eb   Thumb Code     2  heapauxi.o(.text)
    __rt_heap_escrow$2region                 0x080006ed   Thumb Code     2  heapauxi.o(.text)
    __rt_heap_expand$2region                 0x080006ef   Thumb Code     2  heapauxi.o(.text)
    _printf_int_common                       0x080006f1   Thumb Code   178  _printf_intcommon.o(.text)
    __lib_sel_fp_printf                      0x080007a3   Thumb Code     2  _printf_fp_dec.o(.text)
    _printf_fp_dec_real                      0x08000951   Thumb Code   620  _printf_fp_dec.o(.text)
    _printf_char_common                      0x08000bc7   Thumb Code    32  _printf_char_common.o(.text)
    _printf_char_file                        0x08000bed   Thumb Code    32  _printf_char_file.o(.text)
    __rt_locale                              0x08000c11   Thumb Code     8  rt_locale_intlibspace.o(.text)
    _ll_udiv10                               0x08000c19   Thumb Code   138  lludiv10.o(.text)
    _printf_fp_infnan                        0x08000ca5   Thumb Code   112  _printf_fp_infnan.o(.text)
    _btod_etento                             0x08000d25   Thumb Code   216  bigflt0.o(.text)
    ferror                                   0x08000e01   Thumb Code     8  ferror.o(.text)
    __user_libspace                          0x08000e09   Thumb Code     8  libspace.o(.text)
    __user_perproc_libspace                  0x08000e09   Thumb Code     0  libspace.o(.text)
    __user_perthread_libspace                0x08000e09   Thumb Code     0  libspace.o(.text)
    __user_setup_stackheap                   0x08000e11   Thumb Code    74  sys_stackheap_outer.o(.text)
    exit                                     0x08000e5b   Thumb Code    12  exit.o(.text)
    strcmp                                   0x08000e69   Thumb Code   128  strcmpv7m.o(.text)
    _sys_exit                                0x08000ee9   Thumb Code     8  sys_exit.o(.text)
    __I$use$semihosting                      0x08000ef5   Thumb Code     0  use_no_semi.o(.text)
    __use_no_semihosting_swi                 0x08000ef5   Thumb Code     2  use_no_semi.o(.text)
    __semihosting_library_function           0x08000ef7   Thumb Code     0  indicate_semi.o(.text)
    _btod_d2e                                0x08000ef7   Thumb Code    62  btod.o(CL$$btod_d2e)
    _d2e_denorm_low                          0x08000f35   Thumb Code    70  btod.o(CL$$btod_d2e_denorm_low)
    _d2e_norm_op1                            0x08000f7b   Thumb Code    96  btod.o(CL$$btod_d2e_norm_op1)
    __btod_div_common                        0x08000fdb   Thumb Code   696  btod.o(CL$$btod_div_common)
    _e2e                                     0x08001313   Thumb Code   198  btod.o(CL$$btod_e2e)
    _btod_ediv                               0x080013d9   Thumb Code    40  btod.o(CL$$btod_ediv)
    _btod_emul                               0x08001401   Thumb Code    40  btod.o(CL$$btod_emul)
    __btod_mult_common                       0x08001429   Thumb Code   580  btod.o(CL$$btod_mult_common)
    ADS1256_CfgADC                           0x0800166d   Thumb Code    98  ads1256.o(i.ADS1256_CfgADC)
    ADS1256_GetAdc                           0x080016f1   Thumb Code    30  ads1256.o(i.ADS1256_GetAdc)
    ADS1256_ISR                              0x08001715   Thumb Code   130  ads1256.o(i.ADS1256_ISR)
    ADS1256_Init                             0x080017a1   Thumb Code   254  ads1256.o(i.ADS1256_Init)
    ADS1256_ReadChipID                       0x080018a9   Thumb Code    42  ads1256.o(i.ADS1256_ReadChipID)
    ADS1256_StartScan                        0x080019b9   Thumb Code    98  ads1256.o(i.ADS1256_StartScan)
    BusFault_Handler                         0x08001a85   Thumb Code     2  stm32g4xx_it.o(i.BusFault_Handler)
    DebugMon_Handler                         0x08001a87   Thumb Code     2  stm32g4xx_it.o(i.DebugMon_Handler)
    EXTI15_10_IRQHandler                     0x08001a89   Thumb Code    22  stm32g4xx_it.o(i.EXTI15_10_IRQHandler)
    Error_Handler                            0x08001a9f   Thumb Code     4  main.o(i.Error_Handler)
    HAL_DMA_Abort                            0x08001aa3   Thumb Code   106  stm32g4xx_hal_dma.o(i.HAL_DMA_Abort)
    HAL_DMA_Abort_IT                         0x08001b0d   Thumb Code   120  stm32g4xx_hal_dma.o(i.HAL_DMA_Abort_IT)
    HAL_GPIO_EXTI_Callback                   0x08001b85   Thumb Code    12  main.o(i.HAL_GPIO_EXTI_Callback)
    HAL_GPIO_EXTI_IRQHandler                 0x08001b91   Thumb Code    18  stm32g4xx_hal_gpio.o(i.HAL_GPIO_EXTI_IRQHandler)
    HAL_GPIO_Init                            0x08001ba9   Thumb Code   550  stm32g4xx_hal_gpio.o(i.HAL_GPIO_Init)
    HAL_GPIO_ReadPin                         0x08001df1   Thumb Code    10  stm32g4xx_hal_gpio.o(i.HAL_GPIO_ReadPin)
    HAL_GPIO_WritePin                        0x08001dfb   Thumb Code    10  stm32g4xx_hal_gpio.o(i.HAL_GPIO_WritePin)
    HAL_GetTick                              0x08001e05   Thumb Code     6  stm32g4xx_hal.o(i.HAL_GetTick)
    HAL_IncTick                              0x08001e11   Thumb Code    12  stm32g4xx_hal.o(i.HAL_IncTick)
    HAL_Init                                 0x08001e21   Thumb Code    30  stm32g4xx_hal.o(i.HAL_Init)
    HAL_InitTick                             0x08001e41   Thumb Code    58  stm32g4xx_hal.o(i.HAL_InitTick)
    HAL_MspInit                              0x08001e85   Thumb Code    42  stm32g4xx_hal_msp.o(i.HAL_MspInit)
    HAL_NVIC_DisableIRQ                      0x08001eb5   Thumb Code    34  stm32g4xx_hal_cortex.o(i.HAL_NVIC_DisableIRQ)
    HAL_NVIC_EnableIRQ                       0x08001ed7   Thumb Code    26  stm32g4xx_hal_cortex.o(i.HAL_NVIC_EnableIRQ)
    HAL_NVIC_SetPriority                     0x08001ef1   Thumb Code    60  stm32g4xx_hal_cortex.o(i.HAL_NVIC_SetPriority)
    HAL_NVIC_SetPriorityGrouping             0x08001f31   Thumb Code    26  stm32g4xx_hal_cortex.o(i.HAL_NVIC_SetPriorityGrouping)
    HAL_PWREx_ControlVoltageScaling          0x08001f55   Thumb Code   174  stm32g4xx_hal_pwr_ex.o(i.HAL_PWREx_ControlVoltageScaling)
    HAL_PWREx_DisableUCPDDeadBattery         0x08002011   Thumb Code    12  stm32g4xx_hal_pwr_ex.o(i.HAL_PWREx_DisableUCPDDeadBattery)
    HAL_RCCEx_PeriphCLKConfig                0x08002021   Thumb Code   758  stm32g4xx_hal_rcc_ex.o(i.HAL_RCCEx_PeriphCLKConfig)
    HAL_RCC_ClockConfig                      0x08002321   Thumb Code   444  stm32g4xx_hal_rcc.o(i.HAL_RCC_ClockConfig)
    HAL_RCC_GetPCLK1Freq                     0x080024fd   Thumb Code    24  stm32g4xx_hal_rcc.o(i.HAL_RCC_GetPCLK1Freq)
    HAL_RCC_GetPCLK2Freq                     0x08002521   Thumb Code    24  stm32g4xx_hal_rcc.o(i.HAL_RCC_GetPCLK2Freq)
    HAL_RCC_GetSysClockFreq                  0x08002545   Thumb Code    98  stm32g4xx_hal_rcc.o(i.HAL_RCC_GetSysClockFreq)
    HAL_RCC_OscConfig                        0x080025b5   Thumb Code  1036  stm32g4xx_hal_rcc.o(i.HAL_RCC_OscConfig)
    HAL_SYSTICK_CLKSourceConfig              0x080029c1   Thumb Code    24  stm32g4xx_hal_cortex.o(i.HAL_SYSTICK_CLKSourceConfig)
    HAL_SYSTICK_Config                       0x080029d9   Thumb Code    40  stm32g4xx_hal_cortex.o(i.HAL_SYSTICK_Config)
    HAL_UARTEx_DisableFifoMode               0x08002a01   Thumb Code    62  stm32g4xx_hal_uart_ex.o(i.HAL_UARTEx_DisableFifoMode)
    HAL_UARTEx_RxEventCallback               0x08002a3f   Thumb Code     2  stm32g4xx_hal_uart.o(i.HAL_UARTEx_RxEventCallback)
    HAL_UARTEx_RxFifoFullCallback            0x08002a41   Thumb Code     2  stm32g4xx_hal_uart_ex.o(i.HAL_UARTEx_RxFifoFullCallback)
    HAL_UARTEx_SetRxFifoThreshold            0x08002a43   Thumb Code    76  stm32g4xx_hal_uart_ex.o(i.HAL_UARTEx_SetRxFifoThreshold)
    HAL_UARTEx_SetTxFifoThreshold            0x08002a8f   Thumb Code    76  stm32g4xx_hal_uart_ex.o(i.HAL_UARTEx_SetTxFifoThreshold)
    HAL_UARTEx_TxFifoEmptyCallback           0x08002adb   Thumb Code     2  stm32g4xx_hal_uart_ex.o(i.HAL_UARTEx_TxFifoEmptyCallback)
    HAL_UARTEx_WakeupCallback                0x08002add   Thumb Code     2  stm32g4xx_hal_uart_ex.o(i.HAL_UARTEx_WakeupCallback)
    HAL_UART_ErrorCallback                   0x08002adf   Thumb Code     2  stm32g4xx_hal_uart.o(i.HAL_UART_ErrorCallback)
    HAL_UART_IRQHandler                      0x08002ae1   Thumb Code   722  stm32g4xx_hal_uart.o(i.HAL_UART_IRQHandler)
    HAL_UART_Init                            0x08002dc1   Thumb Code   106  stm32g4xx_hal_uart.o(i.HAL_UART_Init)
    HAL_UART_MspInit                         0x08002e2d   Thumb Code   128  usart.o(i.HAL_UART_MspInit)
    HAL_UART_TxCpltCallback                  0x08002eb9   Thumb Code     2  stm32g4xx_hal_uart.o(i.HAL_UART_TxCpltCallback)
    HardFault_Handler                        0x08002ebb   Thumb Code     2  stm32g4xx_it.o(i.HardFault_Handler)
    I2C_WriteByte                            0x08002ebd   Thumb Code    48  oled_i2c.o(i.I2C_WriteByte)
    IIC_Init                                 0x08002eed   Thumb Code    28  myiic.o(i.IIC_Init)
    IIC_Send_Byte                            0x08002f0d   Thumb Code   116  myiic.o(i.IIC_Send_Byte)
    IIC_Start                                0x08002f85   Thumb Code    80  myiic.o(i.IIC_Start)
    IIC_Stop                                 0x08002fd9   Thumb Code    82  myiic.o(i.IIC_Stop)
    IIC_Wait_Ack                             0x08003031   Thumb Code   102  myiic.o(i.IIC_Wait_Ack)
    MX_GPIO_Init                             0x0800309d   Thumb Code   256  gpio.o(i.MX_GPIO_Init)
    MX_USART1_UART_Init                      0x080031a9   Thumb Code    94  usart.o(i.MX_USART1_UART_Init)
    MemManage_Handler                        0x08003211   Thumb Code     2  stm32g4xx_it.o(i.MemManage_Handler)
    MyUSART1_IRQHandler                      0x08003215   Thumb Code    40  myusart1.o(i.MyUSART1_IRQHandler)
    MyUSART1_Init                            0x08003249   Thumb Code    16  myusart1.o(i.MyUSART1_Init)
    NMI_Handler                              0x0800325d   Thumb Code     2  stm32g4xx_it.o(i.NMI_Handler)
    OLED_CLS                                 0x0800325f   Thumb Code     6  oled_i2c.o(i.OLED_CLS)
    OLED_Fill                                0x08003265   Thumb Code    56  oled_i2c.o(i.OLED_Fill)
    OLED_Init                                0x0800329d   Thumb Code   194  oled_i2c.o(i.OLED_Init)
    OLED_SetPos                              0x08003365   Thumb Code    38  oled_i2c.o(i.OLED_SetPos)
    OLED_ShowStr                             0x0800338d   Thumb Code   208  oled_i2c.o(i.OLED_ShowStr)
    PendSV_Handler                           0x08003465   Thumb Code     2  stm32g4xx_it.o(i.PendSV_Handler)
    SVC_Handler                              0x08003467   Thumb Code     2  stm32g4xx_it.o(i.SVC_Handler)
    SysTick_Handler                          0x08003469   Thumb Code     4  stm32g4xx_it.o(i.SysTick_Handler)
    SystemClock_Config                       0x0800346d   Thumb Code   102  main.o(i.SystemClock_Config)
    SystemInit                               0x080034d5   Thumb Code    12  system_stm32g4xx.o(i.SystemInit)
    UART_AdvFeatureConfig                    0x08003529   Thumb Code   200  stm32g4xx_hal_uart.o(i.UART_AdvFeatureConfig)
    UART_CheckIdleState                      0x080035f1   Thumb Code    96  stm32g4xx_hal_uart.o(i.UART_CheckIdleState)
    UART_SetConfig                           0x080036b9   Thumb Code   614  stm32g4xx_hal_uart.o(i.UART_SetConfig)
    UART_WaitOnFlagUntilTimeout              0x08003951   Thumb Code   198  stm32g4xx_hal_uart.o(i.UART_WaitOnFlagUntilTimeout)
    USART1_IRQHandler                        0x08003a19   Thumb Code    18  stm32g4xx_it.o(i.USART1_IRQHandler)
    UsageFault_Handler                       0x08003a35   Thumb Code     2  stm32g4xx_it.o(i.UsageFault_Handler)
    WriteCmd                                 0x08003a37   Thumb Code     8  oled_i2c.o(i.WriteCmd)
    WriteDat                                 0x08003a3f   Thumb Code     8  oled_i2c.o(i.WriteDat)
    __ARM_fpclassify                         0x08003a47   Thumb Code    48  fpclassify.o(i.__ARM_fpclassify)
    _is_digit                                0x08003a97   Thumb Code    14  __printf_wp.o(i._is_digit)
    delay_init                               0x08003aa5   Thumb Code    16  delay.o(i.delay_init)
    delay_ms                                 0x08003ab9   Thumb Code    10  delay.o(i.delay_ms)
    delay_us                                 0x08003ac5   Thumb Code    48  delay.o(i.delay_us)
    fputc                                    0x08003af9   Thumb Code    20  myusart1.o(i.fputc)
    main                                     0x08003b15   Thumb Code   212  main.o(i.main)
    _get_lc_numeric                          0x08003ca1   Thumb Code    44  lc_numeric_c.o(locale$$code)
    __fpl_dretinf                            0x08003ccd   Thumb Code    12  dretinf.o(x$fpl$dretinf)
    __aeabi_f2d                              0x08003cd9   Thumb Code     0  f2d.o(x$fpl$f2d)
    _f2d                                     0x08003cd9   Thumb Code    86  f2d.o(x$fpl$f2d)
    __fpl_fnaninf                            0x08003d2f   Thumb Code   140  fnaninf.o(x$fpl$fnaninf)
    _fp_init                                 0x08003dbb   Thumb Code    10  fpinit.o(x$fpl$fpinit)
    __fplib_config_fpu_vfp                   0x08003dc3   Thumb Code     0  fpinit.o(x$fpl$fpinit)
    __fplib_config_pureend_doubles           0x08003dc3   Thumb Code     0  fpinit.o(x$fpl$fpinit)
    _printf_fp_dec                           0x08003dc5   Thumb Code     4  printf1.o(x$fpl$printf1)
    UARTPrescTable                           0x08003dc8   Data          24  stm32g4xx_hal_uart.o(.constdata)
    __I$use$fp                               0x08003dc8   Number         0  usenofp.o(x$fpl$usenofp)
    AHBPrescTable                            0x08003df0   Data          16  system_stm32g4xx.o(.constdata)
    APBPrescTable                            0x08003e00   Data           8  system_stm32g4xx.o(.constdata)
    F6x8                                     0x08003e10   Data         558  oled_i2c.o(.constdata)
    F8X16                                    0x0800403e   Data        1520  oled_i2c.o(.constdata)
    Region$$Table$$Base                      0x080046fc   Number         0  anon$$obj.o(Region$$Table)
    Region$$Table$$Limit                     0x0800471c   Number         0  anon$$obj.o(Region$$Table)
    uwTickPrio                               0x20000000   Data           4  stm32g4xx_hal.o(.data)
    uwTickFreq                               0x20000004   Data           4  stm32g4xx_hal.o(.data)
    uwTick                                   0x20000008   Data           4  stm32g4xx_hal.o(.data)
    SystemCoreClock                          0x2000000c   Data           4  system_stm32g4xx.o(.data)
    RevState                                 0x20000012   Data           1  oled_i2c.o(.data)
    brightness                               0x20000013   Data           1  oled_i2c.o(.data)
    isScrolling                              0x20000014   Data           1  oled_i2c.o(.data)
    F16x16                                   0x20000015   Data         544  oled_i2c.o(.data)
    MyUSART1_bufferOverflowFlag              0x20000238   Data           1  myusart1.o(.data)
    MyUSART1_bufferPos                       0x2000023c   Data           4  myusart1.o(.data)
    MyUSART1_dummyHandle                     0x20000240   Data           4  myusart1.o(.data)
    __stdout                                 0x20000244   Data           4  myusart1.o(.data)
    huart1                                   0x20000248   Data         144  usart.o(.bss)
    MyUSART1_buffer                          0x200002d8   Data         100  myusart1.o(.bss)
    g_tADS1256                               0x2000033c   Data          40  ads1256.o(.bss)
    __libspace_start                         0x20000364   Data          96  libspace.o(.bss)
    __temporary_stack_top$libspace           0x200003c4   Data           0  libspace.o(.bss)



==============================================================================

Memory Map of the image

  Image Entry point : 0x080001d9

  Load Region LR_IROM1 (Base: 0x08000000, Size: 0x00004980, Max: 0x00080000, ABSOLUTE, COMPRESSED[0x000048f4])

    Execution Region ER_IROM1 (Exec base: 0x08000000, Load base: 0x08000000, Size: 0x00004738, Max: 0x00080000, ABSOLUTE)

    Exec Addr    Load Addr    Size         Type   Attr      Idx    E Section Name        Object

    0x08000000   0x08000000   0x000001d8   Data   RO            3    RESET               startup_stm32g474xx.o
    0x080001d8   0x080001d8   0x00000008   Code   RO         3073  * !!!main             c_w.l(__main.o)
    0x080001e0   0x080001e0   0x00000034   Code   RO         3310    !!!scatter          c_w.l(__scatter.o)
    0x08000214   0x08000214   0x0000005a   Code   RO         3308    !!dczerorl2         c_w.l(__dczerorl2.o)
    0x0800026e   0x0800026e   0x00000002   PAD
    0x08000270   0x08000270   0x0000001c   Code   RO         3312    !!handler_zi        c_w.l(__scatter_zi.o)
    0x0800028c   0x0800028c   0x00000000   Code   RO         3066    .ARM.Collect$$_printf_percent$$00000000  c_w.l(_printf_percent.o)
    0x0800028c   0x0800028c   0x00000006   Code   RO         3065    .ARM.Collect$$_printf_percent$$00000003  c_w.l(_printf_f.o)
    0x08000292   0x08000292   0x00000006   Code   RO         3064    .ARM.Collect$$_printf_percent$$00000009  c_w.l(_printf_d.o)
    0x08000298   0x08000298   0x00000006   Code   RO         3063    .ARM.Collect$$_printf_percent$$0000000C  c_w.l(_printf_x.o)
    0x0800029e   0x0800029e   0x00000004   Code   RO         3094    .ARM.Collect$$_printf_percent$$00000017  c_w.l(_printf_percent_end.o)
    0x080002a2   0x080002a2   0x00000002   Code   RO         3182    .ARM.Collect$$libinit$$00000000  c_w.l(libinit.o)
    0x080002a4   0x080002a4   0x00000004   Code   RO         3183    .ARM.Collect$$libinit$$00000001  c_w.l(libinit2.o)
    0x080002a8   0x080002a8   0x00000000   Code   RO         3186    .ARM.Collect$$libinit$$00000004  c_w.l(libinit2.o)
    0x080002a8   0x080002a8   0x00000000   Code   RO         3189    .ARM.Collect$$libinit$$0000000A  c_w.l(libinit2.o)
    0x080002a8   0x080002a8   0x00000000   Code   RO         3191    .ARM.Collect$$libinit$$0000000C  c_w.l(libinit2.o)
    0x080002a8   0x080002a8   0x00000000   Code   RO         3193    .ARM.Collect$$libinit$$0000000E  c_w.l(libinit2.o)
    0x080002a8   0x080002a8   0x00000006   Code   RO         3194    .ARM.Collect$$libinit$$0000000F  c_w.l(libinit2.o)
    0x080002ae   0x080002ae   0x00000000   Code   RO         3196    .ARM.Collect$$libinit$$00000011  c_w.l(libinit2.o)
    0x080002ae   0x080002ae   0x00000000   Code   RO         3198    .ARM.Collect$$libinit$$00000013  c_w.l(libinit2.o)
    0x080002ae   0x080002ae   0x00000000   Code   RO         3200    .ARM.Collect$$libinit$$00000015  c_w.l(libinit2.o)
    0x080002ae   0x080002ae   0x0000000a   Code   RO         3201    .ARM.Collect$$libinit$$00000016  c_w.l(libinit2.o)
    0x080002b8   0x080002b8   0x00000000   Code   RO         3202    .ARM.Collect$$libinit$$00000017  c_w.l(libinit2.o)
    0x080002b8   0x080002b8   0x00000000   Code   RO         3204    .ARM.Collect$$libinit$$00000019  c_w.l(libinit2.o)
    0x080002b8   0x080002b8   0x00000000   Code   RO         3206    .ARM.Collect$$libinit$$0000001B  c_w.l(libinit2.o)
    0x080002b8   0x080002b8   0x00000000   Code   RO         3208    .ARM.Collect$$libinit$$0000001D  c_w.l(libinit2.o)
    0x080002b8   0x080002b8   0x00000000   Code   RO         3210    .ARM.Collect$$libinit$$0000001F  c_w.l(libinit2.o)
    0x080002b8   0x080002b8   0x00000000   Code   RO         3212    .ARM.Collect$$libinit$$00000021  c_w.l(libinit2.o)
    0x080002b8   0x080002b8   0x00000000   Code   RO         3214    .ARM.Collect$$libinit$$00000023  c_w.l(libinit2.o)
    0x080002b8   0x080002b8   0x00000000   Code   RO         3216    .ARM.Collect$$libinit$$00000025  c_w.l(libinit2.o)
    0x080002b8   0x080002b8   0x00000000   Code   RO         3220    .ARM.Collect$$libinit$$0000002C  c_w.l(libinit2.o)
    0x080002b8   0x080002b8   0x00000000   Code   RO         3222    .ARM.Collect$$libinit$$0000002E  c_w.l(libinit2.o)
    0x080002b8   0x080002b8   0x00000000   Code   RO         3224    .ARM.Collect$$libinit$$00000030  c_w.l(libinit2.o)
    0x080002b8   0x080002b8   0x00000000   Code   RO         3226    .ARM.Collect$$libinit$$00000032  c_w.l(libinit2.o)
    0x080002b8   0x080002b8   0x00000002   Code   RO         3227    .ARM.Collect$$libinit$$00000033  c_w.l(libinit2.o)
    0x080002ba   0x080002ba   0x00000002   Code   RO         3274    .ARM.Collect$$libshutdown$$00000000  c_w.l(libshutdown.o)
    0x080002bc   0x080002bc   0x00000000   Code   RO         3293    .ARM.Collect$$libshutdown$$00000003  c_w.l(libshutdown2.o)
    0x080002bc   0x080002bc   0x00000000   Code   RO         3296    .ARM.Collect$$libshutdown$$00000006  c_w.l(libshutdown2.o)
    0x080002bc   0x080002bc   0x00000000   Code   RO         3299    .ARM.Collect$$libshutdown$$00000009  c_w.l(libshutdown2.o)
    0x080002bc   0x080002bc   0x00000000   Code   RO         3301    .ARM.Collect$$libshutdown$$0000000B  c_w.l(libshutdown2.o)
    0x080002bc   0x080002bc   0x00000000   Code   RO         3304    .ARM.Collect$$libshutdown$$0000000E  c_w.l(libshutdown2.o)
    0x080002bc   0x080002bc   0x00000002   Code   RO         3305    .ARM.Collect$$libshutdown$$0000000F  c_w.l(libshutdown2.o)
    0x080002be   0x080002be   0x00000000   Code   RO         3079    .ARM.Collect$$rtentry$$00000000  c_w.l(__rtentry.o)
    0x080002be   0x080002be   0x00000000   Code   RO         3101    .ARM.Collect$$rtentry$$00000002  c_w.l(__rtentry2.o)
    0x080002be   0x080002be   0x00000006   Code   RO         3113    .ARM.Collect$$rtentry$$00000004  c_w.l(__rtentry4.o)
    0x080002c4   0x080002c4   0x00000000   Code   RO         3103    .ARM.Collect$$rtentry$$00000009  c_w.l(__rtentry2.o)
    0x080002c4   0x080002c4   0x00000004   Code   RO         3104    .ARM.Collect$$rtentry$$0000000A  c_w.l(__rtentry2.o)
    0x080002c8   0x080002c8   0x00000000   Code   RO         3106    .ARM.Collect$$rtentry$$0000000C  c_w.l(__rtentry2.o)
    0x080002c8   0x080002c8   0x00000008   Code   RO         3107    .ARM.Collect$$rtentry$$0000000D  c_w.l(__rtentry2.o)
    0x080002d0   0x080002d0   0x00000002   Code   RO         3228    .ARM.Collect$$rtexit$$00000000  c_w.l(rtexit.o)
    0x080002d2   0x080002d2   0x00000000   Code   RO         3243    .ARM.Collect$$rtexit$$00000002  c_w.l(rtexit2.o)
    0x080002d2   0x080002d2   0x00000004   Code   RO         3244    .ARM.Collect$$rtexit$$00000003  c_w.l(rtexit2.o)
    0x080002d6   0x080002d6   0x00000006   Code   RO         3245    .ARM.Collect$$rtexit$$00000004  c_w.l(rtexit2.o)
    0x080002dc   0x080002dc   0x00000040   Code   RO            4    .text               startup_stm32g474xx.o
    0x0800031c   0x0800031c   0x000000ee   Code   RO         3006    .text               c_w.l(lludivv7m.o)
    0x0800040a   0x0800040a   0x00000048   Code   RO         3008    .text               c_w.l(llsdiv.o)
    0x08000452   0x08000452   0x00000002   PAD
    0x08000454   0x08000454   0x00000018   Code   RO         3014    .text               c_w.l(noretval__2printf.o)
    0x0800046c   0x0800046c   0x00000078   Code   RO         3020    .text               c_w.l(_printf_dec.o)
    0x080004e4   0x080004e4   0x00000058   Code   RO         3025    .text               c_w.l(_printf_hex_int.o)
    0x0800053c   0x0800053c   0x00000160   Code   RO         3058    .text               c_w.l(__printf_ss_wp.o)
    0x0800069c   0x0800069c   0x0000004e   Code   RO         3069    .text               c_w.l(rt_memclr_w.o)
    0x080006ea   0x080006ea   0x00000006   Code   RO         3071    .text               c_w.l(heapauxi.o)
    0x080006f0   0x080006f0   0x000000b2   Code   RO         3084    .text               c_w.l(_printf_intcommon.o)
    0x080007a2   0x080007a2   0x0000041a   Code   RO         3086    .text               c_w.l(_printf_fp_dec.o)
    0x08000bbc   0x08000bbc   0x00000030   Code   RO         3088    .text               c_w.l(_printf_char_common.o)
    0x08000bec   0x08000bec   0x00000024   Code   RO         3092    .text               c_w.l(_printf_char_file.o)
    0x08000c10   0x08000c10   0x00000008   Code   RO         3120    .text               c_w.l(rt_locale_intlibspace.o)
    0x08000c18   0x08000c18   0x0000008a   Code   RO         3122    .text               c_w.l(lludiv10.o)
    0x08000ca2   0x08000ca2   0x00000002   PAD
    0x08000ca4   0x08000ca4   0x00000080   Code   RO         3124    .text               c_w.l(_printf_fp_infnan.o)
    0x08000d24   0x08000d24   0x000000dc   Code   RO         3128    .text               c_w.l(bigflt0.o)
    0x08000e00   0x08000e00   0x00000008   Code   RO         3153    .text               c_w.l(ferror.o)
    0x08000e08   0x08000e08   0x00000008   Code   RO         3164    .text               c_w.l(libspace.o)
    0x08000e10   0x08000e10   0x0000004a   Code   RO         3167    .text               c_w.l(sys_stackheap_outer.o)
    0x08000e5a   0x08000e5a   0x0000000c   Code   RO         3169    .text               c_w.l(exit.o)
    0x08000e66   0x08000e66   0x00000002   PAD
    0x08000e68   0x08000e68   0x00000080   Code   RO         3175    .text               c_w.l(strcmpv7m.o)
    0x08000ee8   0x08000ee8   0x0000000c   Code   RO         3240    .text               c_w.l(sys_exit.o)
    0x08000ef4   0x08000ef4   0x00000002   Code   RO         3261    .text               c_w.l(use_no_semi.o)
    0x08000ef6   0x08000ef6   0x00000000   Code   RO         3263    .text               c_w.l(indicate_semi.o)
    0x08000ef6   0x08000ef6   0x0000003e   Code   RO         3131    CL$$btod_d2e        c_w.l(btod.o)
    0x08000f34   0x08000f34   0x00000046   Code   RO         3133    CL$$btod_d2e_denorm_low  c_w.l(btod.o)
    0x08000f7a   0x08000f7a   0x00000060   Code   RO         3132    CL$$btod_d2e_norm_op1  c_w.l(btod.o)
    0x08000fda   0x08000fda   0x00000338   Code   RO         3141    CL$$btod_div_common  c_w.l(btod.o)
    0x08001312   0x08001312   0x000000c6   Code   RO         3138    CL$$btod_e2e        c_w.l(btod.o)
    0x080013d8   0x080013d8   0x00000028   Code   RO         3135    CL$$btod_ediv       c_w.l(btod.o)
    0x08001400   0x08001400   0x00000028   Code   RO         3134    CL$$btod_emul       c_w.l(btod.o)
    0x08001428   0x08001428   0x00000244   Code   RO         3140    CL$$btod_mult_common  c_w.l(btod.o)
    0x0800166c   0x0800166c   0x00000070   Code   RO         2897    i.ADS1256_CfgADC    ads1256.o
    0x080016dc   0x080016dc   0x00000006   Code   RO         2898    i.ADS1256_DelayDATA  ads1256.o
    0x080016e2   0x080016e2   0x0000000c   Code   RO         2899    i.ADS1256_DelaySCLK  ads1256.o
    0x080016ee   0x080016ee   0x00000002   PAD
    0x080016f0   0x080016f0   0x00000024   Code   RO         2900    i.ADS1256_GetAdc    ads1256.o
    0x08001714   0x08001714   0x0000008c   Code   RO         2901    i.ADS1256_ISR       ads1256.o
    0x080017a0   0x080017a0   0x00000108   Code   RO         2902    i.ADS1256_Init      ads1256.o
    0x080018a8   0x080018a8   0x00000030   Code   RO         2903    i.ADS1256_ReadChipID  ads1256.o
    0x080018d8   0x080018d8   0x0000003c   Code   RO         2904    i.ADS1256_ReadData  ads1256.o
    0x08001914   0x08001914   0x0000004c   Code   RO         2905    i.ADS1256_Recive8Bit  ads1256.o
    0x08001960   0x08001960   0x00000058   Code   RO         2906    i.ADS1256_Send8Bit  ads1256.o
    0x080019b8   0x080019b8   0x0000006c   Code   RO         2907    i.ADS1256_StartScan  ads1256.o
    0x08001a24   0x08001a24   0x00000048   Code   RO         2909    i.ADS1256_WaitDRDY  ads1256.o
    0x08001a6c   0x08001a6c   0x00000018   Code   RO         2910    i.ADS1256_WriteCmd  ads1256.o
    0x08001a84   0x08001a84   0x00000002   Code   RO          242    i.BusFault_Handler  stm32g4xx_it.o
    0x08001a86   0x08001a86   0x00000002   Code   RO          243    i.DebugMon_Handler  stm32g4xx_it.o
    0x08001a88   0x08001a88   0x00000016   Code   RO          244    i.EXTI15_10_IRQHandler  stm32g4xx_it.o
    0x08001a9e   0x08001a9e   0x00000004   Code   RO           13    i.Error_Handler     main.o
    0x08001aa2   0x08001aa2   0x0000006a   Code   RO         2013    i.HAL_DMA_Abort     stm32g4xx_hal_dma.o
    0x08001b0c   0x08001b0c   0x00000078   Code   RO         2014    i.HAL_DMA_Abort_IT  stm32g4xx_hal_dma.o
    0x08001b84   0x08001b84   0x0000000c   Code   RO           14    i.HAL_GPIO_EXTI_Callback  main.o
    0x08001b90   0x08001b90   0x00000018   Code   RO         1874    i.HAL_GPIO_EXTI_IRQHandler  stm32g4xx_hal_gpio.o
    0x08001ba8   0x08001ba8   0x00000248   Code   RO         1875    i.HAL_GPIO_Init     stm32g4xx_hal_gpio.o
    0x08001df0   0x08001df0   0x0000000a   Code   RO         1877    i.HAL_GPIO_ReadPin  stm32g4xx_hal_gpio.o
    0x08001dfa   0x08001dfa   0x0000000a   Code   RO         1879    i.HAL_GPIO_WritePin  stm32g4xx_hal_gpio.o
    0x08001e04   0x08001e04   0x0000000c   Code   RO         1172    i.HAL_GetTick       stm32g4xx_hal.o
    0x08001e10   0x08001e10   0x00000010   Code   RO         1175    i.HAL_IncTick       stm32g4xx_hal.o
    0x08001e20   0x08001e20   0x0000001e   Code   RO         1176    i.HAL_Init          stm32g4xx_hal.o
    0x08001e3e   0x08001e3e   0x00000002   PAD
    0x08001e40   0x08001e40   0x00000044   Code   RO         1177    i.HAL_InitTick      stm32g4xx_hal.o
    0x08001e84   0x08001e84   0x00000030   Code   RO          329    i.HAL_MspInit       stm32g4xx_hal_msp.o
    0x08001eb4   0x08001eb4   0x00000022   Code   RO         2281    i.HAL_NVIC_DisableIRQ  stm32g4xx_hal_cortex.o
    0x08001ed6   0x08001ed6   0x0000001a   Code   RO         2282    i.HAL_NVIC_EnableIRQ  stm32g4xx_hal_cortex.o
    0x08001ef0   0x08001ef0   0x00000040   Code   RO         2288    i.HAL_NVIC_SetPriority  stm32g4xx_hal_cortex.o
    0x08001f30   0x08001f30   0x00000024   Code   RO         2289    i.HAL_NVIC_SetPriorityGrouping  stm32g4xx_hal_cortex.o
    0x08001f54   0x08001f54   0x000000bc   Code   RO          390    i.HAL_PWREx_ControlVoltageScaling  stm32g4xx_hal_pwr_ex.o
    0x08002010   0x08002010   0x00000010   Code   RO          402    i.HAL_PWREx_DisableUCPDDeadBattery  stm32g4xx_hal_pwr_ex.o
    0x08002020   0x08002020   0x00000300   Code   RO         1521    i.HAL_RCCEx_PeriphCLKConfig  stm32g4xx_hal_rcc_ex.o
    0x08002320   0x08002320   0x000001dc   Code   RO         1396    i.HAL_RCC_ClockConfig  stm32g4xx_hal_rcc.o
    0x080024fc   0x080024fc   0x00000024   Code   RO         1404    i.HAL_RCC_GetPCLK1Freq  stm32g4xx_hal_rcc.o
    0x08002520   0x08002520   0x00000024   Code   RO         1405    i.HAL_RCC_GetPCLK2Freq  stm32g4xx_hal_rcc.o
    0x08002544   0x08002544   0x00000070   Code   RO         1406    i.HAL_RCC_GetSysClockFreq  stm32g4xx_hal_rcc.o
    0x080025b4   0x080025b4   0x0000040c   Code   RO         1409    i.HAL_RCC_OscConfig  stm32g4xx_hal_rcc.o
    0x080029c0   0x080029c0   0x00000018   Code   RO         2291    i.HAL_SYSTICK_CLKSourceConfig  stm32g4xx_hal_cortex.o
    0x080029d8   0x080029d8   0x00000028   Code   RO         2293    i.HAL_SYSTICK_Config  stm32g4xx_hal_cortex.o
    0x08002a00   0x08002a00   0x0000003e   Code   RO         1049    i.HAL_UARTEx_DisableFifoMode  stm32g4xx_hal_uart_ex.o
    0x08002a3e   0x08002a3e   0x00000002   Code   RO          638    i.HAL_UARTEx_RxEventCallback  stm32g4xx_hal_uart.o
    0x08002a40   0x08002a40   0x00000002   Code   RO         1056    i.HAL_UARTEx_RxFifoFullCallback  stm32g4xx_hal_uart_ex.o
    0x08002a42   0x08002a42   0x0000004c   Code   RO         1057    i.HAL_UARTEx_SetRxFifoThreshold  stm32g4xx_hal_uart_ex.o
    0x08002a8e   0x08002a8e   0x0000004c   Code   RO         1058    i.HAL_UARTEx_SetTxFifoThreshold  stm32g4xx_hal_uart_ex.o
    0x08002ada   0x08002ada   0x00000002   Code   RO         1060    i.HAL_UARTEx_TxFifoEmptyCallback  stm32g4xx_hal_uart_ex.o
    0x08002adc   0x08002adc   0x00000002   Code   RO         1061    i.HAL_UARTEx_WakeupCallback  stm32g4xx_hal_uart_ex.o
    0x08002ade   0x08002ade   0x00000002   Code   RO          654    i.HAL_UART_ErrorCallback  stm32g4xx_hal_uart.o
    0x08002ae0   0x08002ae0   0x000002e0   Code   RO          657    i.HAL_UART_IRQHandler  stm32g4xx_hal_uart.o
    0x08002dc0   0x08002dc0   0x0000006a   Code   RO          658    i.HAL_UART_Init     stm32g4xx_hal_uart.o
    0x08002e2a   0x08002e2a   0x00000002   PAD
    0x08002e2c   0x08002e2c   0x0000008c   Code   RO          201    i.HAL_UART_MspInit  usart.o
    0x08002eb8   0x08002eb8   0x00000002   Code   RO          670    i.HAL_UART_TxCpltCallback  stm32g4xx_hal_uart.o
    0x08002eba   0x08002eba   0x00000002   Code   RO          245    i.HardFault_Handler  stm32g4xx_it.o
    0x08002ebc   0x08002ebc   0x00000030   Code   RO         2572    i.I2C_WriteByte     oled_i2c.o
    0x08002eec   0x08002eec   0x00000020   Code   RO         2504    i.IIC_Init          myiic.o
    0x08002f0c   0x08002f0c   0x00000078   Code   RO         2507    i.IIC_Send_Byte     myiic.o
    0x08002f84   0x08002f84   0x00000054   Code   RO         2508    i.IIC_Start         myiic.o
    0x08002fd8   0x08002fd8   0x00000058   Code   RO         2509    i.IIC_Stop          myiic.o
    0x08003030   0x08003030   0x0000006c   Code   RO         2510    i.IIC_Wait_Ack      myiic.o
    0x0800309c   0x0800309c   0x0000010c   Code   RO          176    i.MX_GPIO_Init      gpio.o
    0x080031a8   0x080031a8   0x00000068   Code   RO          202    i.MX_USART1_UART_Init  usart.o
    0x08003210   0x08003210   0x00000002   Code   RO          246    i.MemManage_Handler  stm32g4xx_it.o
    0x08003212   0x08003212   0x00000002   PAD
    0x08003214   0x08003214   0x00000034   Code   RO         2748    i.MyUSART1_IRQHandler  myusart1.o
    0x08003248   0x08003248   0x00000014   Code   RO         2749    i.MyUSART1_Init     myusart1.o
    0x0800325c   0x0800325c   0x00000002   Code   RO          247    i.NMI_Handler       stm32g4xx_it.o
    0x0800325e   0x0800325e   0x00000006   Code   RO         2573    i.OLED_CLS          oled_i2c.o
    0x08003264   0x08003264   0x00000038   Code   RO         2576    i.OLED_Fill         oled_i2c.o
    0x0800329c   0x0800329c   0x000000c8   Code   RO         2578    i.OLED_Init         oled_i2c.o
    0x08003364   0x08003364   0x00000026   Code   RO         2584    i.OLED_SetPos       oled_i2c.o
    0x0800338a   0x0800338a   0x00000002   PAD
    0x0800338c   0x0800338c   0x000000d8   Code   RO         2591    i.OLED_ShowStr      oled_i2c.o
    0x08003464   0x08003464   0x00000002   Code   RO          248    i.PendSV_Handler    stm32g4xx_it.o
    0x08003466   0x08003466   0x00000002   Code   RO          249    i.SVC_Handler       stm32g4xx_it.o
    0x08003468   0x08003468   0x00000004   Code   RO          250    i.SysTick_Handler   stm32g4xx_it.o
    0x0800346c   0x0800346c   0x00000066   Code   RO           15    i.SystemClock_Config  main.o
    0x080034d2   0x080034d2   0x00000002   PAD
    0x080034d4   0x080034d4   0x00000010   Code   RO         2413    i.SystemInit        system_stm32g4xx.o
    0x080034e4   0x080034e4   0x00000044   Code   RO         1062    i.UARTEx_SetNbDataToProcess  stm32g4xx_hal_uart_ex.o
    0x08003528   0x08003528   0x000000c8   Code   RO          672    i.UART_AdvFeatureConfig  stm32g4xx_hal_uart.o
    0x080035f0   0x080035f0   0x00000060   Code   RO          673    i.UART_CheckIdleState  stm32g4xx_hal_uart.o
    0x08003650   0x08003650   0x00000014   Code   RO          674    i.UART_DMAAbortOnError  stm32g4xx_hal_uart.o
    0x08003664   0x08003664   0x00000054   Code   RO          684    i.UART_EndRxTransfer  stm32g4xx_hal_uart.o
    0x080036b8   0x080036b8   0x00000298   Code   RO          690    i.UART_SetConfig    stm32g4xx_hal_uart.o
    0x08003950   0x08003950   0x000000c6   Code   RO          697    i.UART_WaitOnFlagUntilTimeout  stm32g4xx_hal_uart.o
    0x08003a16   0x08003a16   0x00000002   PAD
    0x08003a18   0x08003a18   0x0000001c   Code   RO          251    i.USART1_IRQHandler  stm32g4xx_it.o
    0x08003a34   0x08003a34   0x00000002   Code   RO          252    i.UsageFault_Handler  stm32g4xx_it.o
    0x08003a36   0x08003a36   0x00000008   Code   RO         2593    i.WriteCmd          oled_i2c.o
    0x08003a3e   0x08003a3e   0x00000008   Code   RO         2594    i.WriteDat          oled_i2c.o
    0x08003a46   0x08003a46   0x00000030   Code   RO         3162    i.__ARM_fpclassify  m_wm.l(fpclassify.o)
    0x08003a76   0x08003a76   0x00000020   Code   RO         2295    i.__NVIC_SetPriority  stm32g4xx_hal_cortex.o
    0x08003a96   0x08003a96   0x0000000e   Code   RO         3053    i._is_digit         c_w.l(__printf_wp.o)
    0x08003aa4   0x08003aa4   0x00000014   Code   RO         2451    i.delay_init        delay.o
    0x08003ab8   0x08003ab8   0x0000000a   Code   RO         2452    i.delay_ms          delay.o
    0x08003ac2   0x08003ac2   0x00000002   PAD
    0x08003ac4   0x08003ac4   0x00000034   Code   RO         2454    i.delay_us          delay.o
    0x08003af8   0x08003af8   0x0000001c   Code   RO         2764    i.fputc             myusart1.o
    0x08003b14   0x08003b14   0x0000018c   Code   RO           16    i.main              main.o
    0x08003ca0   0x08003ca0   0x0000002c   Code   RO         3158    locale$$code        c_w.l(lc_numeric_c.o)
    0x08003ccc   0x08003ccc   0x0000000c   Code   RO         3095    x$fpl$dretinf       fz_wm.l(dretinf.o)
    0x08003cd8   0x08003cd8   0x00000056   Code   RO         3075    x$fpl$f2d           fz_wm.l(f2d.o)
    0x08003d2e   0x08003d2e   0x0000008c   Code   RO         3097    x$fpl$fnaninf       fz_wm.l(fnaninf.o)
    0x08003dba   0x08003dba   0x0000000a   Code   RO         3238    x$fpl$fpinit        fz_wm.l(fpinit.o)
    0x08003dc4   0x08003dc4   0x00000004   Code   RO         3077    x$fpl$printf1       fz_wm.l(printf1.o)
    0x08003dc8   0x08003dc8   0x00000000   Code   RO         3099    x$fpl$usenofp       fz_wm.l(usenofp.o)
    0x08003dc8   0x08003dc8   0x00000018   Data   RO          698    .constdata          stm32g4xx_hal_uart.o
    0x08003de0   0x08003de0   0x00000010   Data   RO         1063    .constdata          stm32g4xx_hal_uart_ex.o
    0x08003df0   0x08003df0   0x00000010   Data   RO         2414    .constdata          system_stm32g4xx.o
    0x08003e00   0x08003e00   0x00000008   Data   RO         2415    .constdata          system_stm32g4xx.o
    0x08003e08   0x08003e08   0x00000826   Data   RO         2596    .constdata          oled_i2c.o
    0x0800462e   0x0800462e   0x00000010   Data   RO         2913    .constdata          ads1256.o
    0x0800463e   0x0800463e   0x00000028   Data   RO         3026    .constdata          c_w.l(_printf_hex_int.o)
    0x08004666   0x08004666   0x00000002   PAD
    0x08004668   0x08004668   0x00000094   Data   RO         3129    .constdata          c_w.l(bigflt0.o)
    0x080046fc   0x080046fc   0x00000020   Data   RO         3306    Region$$Table       anon$$obj.o
    0x0800471c   0x0800471c   0x0000001c   Data   RO         3157    locale$$data        c_w.l(lc_numeric_c.o)


    Execution Region RW_IRAM1 (Exec base: 0x20000000, Load base: 0x08004738, Size: 0x000009c8, Max: 0x00020000, ABSOLUTE, COMPRESSED[0x000001bc])

    Exec Addr    Load Addr    Size         Type   Attr      Idx    E Section Name        Object

    0x20000000   COMPRESSED   0x0000000c   Data   RW         1196    .data               stm32g4xx_hal.o
    0x2000000c   COMPRESSED   0x00000004   Data   RW         2416    .data               system_stm32g4xx.o
    0x20000010   COMPRESSED   0x00000002   Data   RW         2455    .data               delay.o
    0x20000012   COMPRESSED   0x00000223   Data   RW         2597    .data               oled_i2c.o
    0x20000235   COMPRESSED   0x00000003   PAD
    0x20000238   COMPRESSED   0x0000000c   Data   RW         2766    .data               myusart1.o
    0x20000244   COMPRESSED   0x00000004   Data   RW         2767    .data               myusart1.o
    0x20000248        -       0x00000090   Zero   RW          203    .bss                usart.o
    0x200002d8        -       0x00000064   Zero   RW         2765    .bss                myusart1.o
    0x2000033c        -       0x00000028   Zero   RW         2912    .bss                ads1256.o
    0x20000364        -       0x00000060   Zero   RW         3165    .bss                c_w.l(libspace.o)
    0x200003c4   COMPRESSED   0x00000004   PAD
    0x200003c8        -       0x00000200   Zero   RW            2    HEAP                startup_stm32g474xx.o
    0x200005c8        -       0x00000400   Zero   RW            1    STACK               startup_stm32g474xx.o


==============================================================================

Image component sizes


      Code (inc. data)   RO Data    RW Data    ZI Data      Debug   Object Name

      1046        118         16          0         40      16732   ads1256.o
        82          8          0          2          0       1755   delay.o
       268         12          0          0          0       1043   gpio.o
       514        184          0          0          0     804590   main.o
       432         24          0          0          0       2813   myiic.o
       100         24          0         16        100       3888   myusart1.o
       580         14       2086        547          0       6546   oled_i2c.o
        64         26        472          0       1536        848   startup_stm32g474xx.o
       126         20          0         12          0       3669   stm32g4xx_hal.o
       256         14          0          0          0      34775   stm32g4xx_hal_cortex.o
       226          0          0          0          0       1819   stm32g4xx_hal_dma.o
       628         40          0          0          0       3294   stm32g4xx_hal_gpio.o
        48          6          0          0          0        870   stm32g4xx_hal_msp.o
       204         18          0          0          0       1393   stm32g4xx_hal_pwr_ex.o
      1696         92          0          0          0       6060   stm32g4xx_hal_rcc.o
       768         10          0          0          0       1888   stm32g4xx_hal_rcc_ex.o
      2110         90         24          0          0      28388   stm32g4xx_hal_uart.o
       288          6         16          0          0       5154   stm32g4xx_hal_uart_ex.o
        70         10          0          0          0       5241   stm32g4xx_it.o
        16          4         24          4          0       1139   system_stm32g4xx.o
       244         22          0          0        144       1778   usart.o

    ----------------------------------------------------------------------
      9782        742       2670        584       1820     933683   Object Totals
         0          0         32          0          0          0   (incl. Generated)
        16          0          0          3          0          0   (incl. Padding)

    ----------------------------------------------------------------------

      Code (inc. data)   RO Data    RW Data    ZI Data      Debug   Library Member Name

        90          0          0          0          0          0   __dczerorl2.o
         8          0          0          0          0         68   __main.o
       352          0          0          0          0         88   __printf_ss_wp.o
        14          0          0          0          0         68   __printf_wp.o
         0          0          0          0          0          0   __rtentry.o
        12          0          0          0          0          0   __rtentry2.o
         6          0          0          0          0          0   __rtentry4.o
        52          8          0          0          0          0   __scatter.o
        28          0          0          0          0          0   __scatter_zi.o
        48          6          0          0          0         96   _printf_char_common.o
        36          4          0          0          0         80   _printf_char_file.o
         6          0          0          0          0          0   _printf_d.o
       120         16          0          0          0         92   _printf_dec.o
         6          0          0          0          0          0   _printf_f.o
      1050          0          0          0          0        216   _printf_fp_dec.o
       128         16          0          0          0         84   _printf_fp_infnan.o
        88          4         40          0          0         88   _printf_hex_int.o
       178          0          0          0          0         88   _printf_intcommon.o
         0          0          0          0          0          0   _printf_percent.o
         4          0          0          0          0          0   _printf_percent_end.o
         6          0          0          0          0          0   _printf_x.o
       220          4        148          0          0         96   bigflt0.o
      1910        128          0          0          0        672   btod.o
        12          0          0          0          0         72   exit.o
         8          0          0          0          0         68   ferror.o
         6          0          0          0          0        152   heapauxi.o
         0          0          0          0          0          0   indicate_semi.o
        44         10         28          0          0         76   lc_numeric_c.o
         2          0          0          0          0          0   libinit.o
        22          0          0          0          0          0   libinit2.o
         2          0          0          0          0          0   libshutdown.o
         2          0          0          0          0          0   libshutdown2.o
         8          4          0          0         96         68   libspace.o
        72          0          0          0          0         76   llsdiv.o
       138          0          0          0          0         80   lludiv10.o
       238          0          0          0          0        100   lludivv7m.o
        24          4          0          0          0         84   noretval__2printf.o
         8          4          0          0          0         68   rt_locale_intlibspace.o
        78          0          0          0          0         80   rt_memclr_w.o
         2          0          0          0          0          0   rtexit.o
        10          0          0          0          0          0   rtexit2.o
       128          0          0          0          0         68   strcmpv7m.o
        12          4          0          0          0         68   sys_exit.o
        74          0          0          0          0         80   sys_stackheap_outer.o
         2          0          0          0          0         68   use_no_semi.o
        12          0          0          0          0        116   dretinf.o
        86          4          0          0          0        132   f2d.o
       140          4          0          0          0        132   fnaninf.o
        10          0          0          0          0        116   fpinit.o
         4          0          0          0          0        116   printf1.o
         0          0          0          0          0          0   usenofp.o
        48          0          0          0          0        124   fpclassify.o

    ----------------------------------------------------------------------
      5562        220        218          0        100       3680   Library Totals
         8          0          2          0          4          0   (incl. Padding)

    ----------------------------------------------------------------------

      Code (inc. data)   RO Data    RW Data    ZI Data      Debug   Library Name

      5254        212        216          0         96       2944   c_w.l
       252          8          0          0          0        612   fz_wm.l
        48          0          0          0          0        124   m_wm.l

    ----------------------------------------------------------------------
      5562        220        218          0        100       3680   Library Totals

    ----------------------------------------------------------------------

==============================================================================


      Code (inc. data)   RO Data    RW Data    ZI Data      Debug   

     15344        962       2888        584       1920     926351   Grand Totals
     15344        962       2888        444       1920     926351   ELF Image Totals (compressed)
     15344        962       2888        444          0          0   ROM Totals

==============================================================================

    Total RO  Size (Code + RO Data)                18232 (  17.80kB)
    Total RW  Size (RW Data + ZI Data)              2504 (   2.45kB)
    Total ROM Size (Code + RO Data + RW Data)      18676 (  18.24kB)

==============================================================================

